#-----------------------------------------------------------
# xsim v2025.2 (64-bit)
# SW Build 6299465 on Fri Nov 14 12:34:56 MST 2025
# IP Build 6300035 on Fri Nov 14 10:48:45 MST 2025
# SharedData Build 6298862 on Thu Nov 13 04:50:51 MST 2025
# Start of session at: Thu Aug 20 03:30:58 2026
# Process ID         : 64223
# Current directory  : /home/naeemxnorabbasi/next_gen_tools_utilities/front_end/system_verilog/uvm_examples/axi_ram_tb/scripts
# Command line       : xsim -mode tcl -source {xsim.dir/top/xsim_script.tcl}
# Log file           : /home/naeemxnorabbasi/next_gen_tools_utilities/front_end/system_verilog/uvm_examples/axi_ram_tb/scripts/xsim.log
# Journal file       : /home/naeemxnorabbasi/next_gen_tools_utilities/front_end/system_verilog/uvm_examples/axi_ram_tb/scripts/xsim.jou
# Running On         : pop-os
# Platform           : Pop
# Operating System   : Pop!_OS 22.04 LTS
# Processor Detail   : AMD Ryzen 7 7800X3D 8-Core Processor
# CPU Frequency      : 4814.020 MHz
# CPU Physical cores : 8
# CPU Logical cores  : 8
# Host memory        : 32714 MB
# Swap memory        : 17179 MB
# Total Virtual      : 49894 MB
# Available Virtual  : 38396 MB
#-----------------------------------------------------------
source xsim.dir/top/xsim_script.tcl
# xsim {top} -testplusarg UVM_TESTNAME=test -testplusarg UVM_VERBOSITY=UVM_LOW -autoloadwcfg -runall
Time resolution is 1 ps
run -all
UVM_INFO /tools/2025.2/Vivado/data/system_verilog/uvm_1.2/xlnx_uvm_package.sv(18601) @ 0: reporter [UVM/RELNOTES] 
----------------------------------------------------------------
UVM-1.2
(C) 2007-2014 Mentor Graphics Corporation
(C) 2007-2014 Cadence Design Systems, Inc.
(C) 2006-2014 Synopsys, Inc.
(C) 2011-2013 Cypress Semiconductor Corp.
(C) 2013-2014 NVIDIA Corporation
----------------------------------------------------------------

  ***********       IMPORTANT RELEASE NOTES         ************

  You are using a version of the UVM library that has been compiled
  with `UVM_NO_DEPRECATED undefined.

  You are using a version of the UVM library that has been compiled
  with `UVM_OBJECT_DO_NOT_NEED_CONSTRUCTOR undefined.

      (Specify +UVM_NO_RELNOTES to turn off this notice)

UVM_INFO /tools/2025.2/Vivado/data/system_verilog/uvm_1.2/xlnx_uvm_package.sv(18648) @ 0: reporter [NO_DPI_TSTNAME] UVM_NO_DPI defined--getting UVM_TESTNAME directly, without DPI
UVM_INFO @ 0: reporter [RNTST] Running test test...
UVM_INFO /tools/2025.2/Vivado/data/system_verilog/uvm_1.2/xlnx_uvm_package.sv(20867) @ 0: reporter [UVM/COMP/NAMECHECK] This implementation of the component name checks requires DPI to be enabled
------------------------------
UVM_INFO /home/naeemxnorabbasi/next_gen_tools_utilities/front_end/system_verilog/uvm_examples/axi_ram_tb/testbench/sequences/transaction.sv(99) @ 0: uvm_test_top.env.a.seqr@@rdut [SEQ] Sending RST Transaction to DRV
------------------------------
UVM_INFO /home/naeemxnorabbasi/next_gen_tools_utilities/front_end/system_verilog/uvm_examples/axi_ram_tb/testbench/sequences/transaction.sv(99) @ 5000: uvm_test_top.env.a.seqr@@rdut [SEQ] Sending RST Transaction to DRV
------------------------------
UVM_INFO /home/naeemxnorabbasi/next_gen_tools_utilities/front_end/system_verilog/uvm_examples/axi_ram_tb/testbench/sequences/transaction.sv(99) @ 15000: uvm_test_top.env.a.seqr@@rdut [SEQ] Sending RST Transaction to DRV
------------------------------
UVM_INFO /home/naeemxnorabbasi/next_gen_tools_utilities/front_end/system_verilog/uvm_examples/axi_ram_tb/testbench/sequences/transaction.sv(99) @ 25000: uvm_test_top.env.a.seqr@@rdut [SEQ] Sending RST Transaction to DRV
------------------------------
UVM_INFO /home/naeemxnorabbasi/next_gen_tools_utilities/front_end/system_verilog/uvm_examples/axi_ram_tb/testbench/sequences/transaction.sv(99) @ 35000: uvm_test_top.env.a.seqr@@rdut [SEQ] Sending RST Transaction to DRV
------------------------------
UVM_INFO /home/naeemxnorabbasi/next_gen_tools_utilities/front_end/system_verilog/uvm_examples/axi_ram_tb/testbench/sequences/transaction.sv(227) @ 65000: uvm_test_top.env.a.seqr@@errwrrdfix [SEQ] Sending Error Transaction to DRV
UVM_INFO /home/naeemxnorabbasi/next_gen_tools_utilities/front_end/system_verilog/uvm_examples/axi_ram_tb/testbench/drivers/driver.sv(294) @ 65000: uvm_test_top.env.a.d [DRV] Error Write Transaction Started
UVM_INFO /home/naeemxnorabbasi/next_gen_tools_utilities/front_end/system_verilog/uvm_examples/axi_ram_tb/testbench/drivers/driver.sv(341) @ 415000: uvm_test_top.env.a.d [DRV] Error Read Transaction Started
------------------------------
------------------------------
UVM_INFO /home/naeemxnorabbasi/next_gen_tools_utilities/front_end/system_verilog/uvm_examples/axi_ram_tb/testbench/sequences/transaction.sv(99) @ 695000: uvm_test_top.env.a.seqr@@rdut [SEQ] Sending RST Transaction to DRV
------------------------------
UVM_INFO /home/naeemxnorabbasi/next_gen_tools_utilities/front_end/system_verilog/uvm_examples/axi_ram_tb/testbench/sequences/transaction.sv(99) @ 705000: uvm_test_top.env.a.seqr@@rdut [SEQ] Sending RST Transaction to DRV
------------------------------
UVM_INFO /home/naeemxnorabbasi/next_gen_tools_utilities/front_end/system_verilog/uvm_examples/axi_ram_tb/testbench/sequences/transaction.sv(99) @ 715000: uvm_test_top.env.a.seqr@@rdut [SEQ] Sending RST Transaction to DRV
------------------------------
UVM_INFO /home/naeemxnorabbasi/next_gen_tools_utilities/front_end/system_verilog/uvm_examples/axi_ram_tb/testbench/sequences/transaction.sv(99) @ 725000: uvm_test_top.env.a.seqr@@rdut [SEQ] Sending RST Transaction to DRV
------------------------------
UVM_INFO /home/naeemxnorabbasi/next_gen_tools_utilities/front_end/system_verilog/uvm_examples/axi_ram_tb/testbench/sequences/transaction.sv(99) @ 735000: uvm_test_top.env.a.seqr@@rdut [SEQ] Sending RST Transaction to DRV
------------------------------
UVM_INFO /home/naeemxnorabbasi/next_gen_tools_utilities/front_end/system_verilog/uvm_examples/axi_ram_tb/testbench/sequences/transaction.sv(132) @ 765000: uvm_test_top.env.a.seqr@@vwrrdfx [SEQ] Sending Fixed mode Transaction to DRV
UVM_INFO /home/naeemxnorabbasi/next_gen_tools_utilities/front_end/system_verilog/uvm_examples/axi_ram_tb/testbench/drivers/driver.sv(69) @ 765000: uvm_test_top.env.a.d [DRV] Fixed Mode Write Transaction Started
UVM_INFO /home/naeemxnorabbasi/next_gen_tools_utilities/front_end/system_verilog/uvm_examples/axi_ram_tb/testbench/drivers/driver.sv(114) @ 1115000: uvm_test_top.env.a.d [DRV] Fixed Mode Read Transaction Started
------------------------------
------------------------------
UVM_INFO /home/naeemxnorabbasi/next_gen_tools_utilities/front_end/system_verilog/uvm_examples/axi_ram_tb/testbench/sequences/transaction.sv(99) @ 1395000: uvm_test_top.env.a.seqr@@rdut [SEQ] Sending RST Transaction to DRV
------------------------------
UVM_INFO /home/naeemxnorabbasi/next_gen_tools_utilities/front_end/system_verilog/uvm_examples/axi_ram_tb/testbench/sequences/transaction.sv(99) @ 1405000: uvm_test_top.env.a.seqr@@rdut [SEQ] Sending RST Transaction to DRV
------------------------------
UVM_INFO /home/naeemxnorabbasi/next_gen_tools_utilities/front_end/system_verilog/uvm_examples/axi_ram_tb/testbench/sequences/transaction.sv(99) @ 1415000: uvm_test_top.env.a.seqr@@rdut [SEQ] Sending RST Transaction to DRV
------------------------------
UVM_INFO /home/naeemxnorabbasi/next_gen_tools_utilities/front_end/system_verilog/uvm_examples/axi_ram_tb/testbench/sequences/transaction.sv(99) @ 1425000: uvm_test_top.env.a.seqr@@rdut [SEQ] Sending RST Transaction to DRV
------------------------------
UVM_INFO /home/naeemxnorabbasi/next_gen_tools_utilities/front_end/system_verilog/uvm_examples/axi_ram_tb/testbench/sequences/transaction.sv(99) @ 1435000: uvm_test_top.env.a.seqr@@rdut [SEQ] Sending RST Transaction to DRV
------------------------------
UVM_INFO /home/naeemxnorabbasi/next_gen_tools_utilities/front_end/system_verilog/uvm_examples/axi_ram_tb/testbench/sequences/transaction.sv(163) @ 1465000: uvm_test_top.env.a.seqr@@vwrrdincr [SEQ] Sending INCR mode Transaction to DRV
UVM_INFO /home/naeemxnorabbasi/next_gen_tools_utilities/front_end/system_verilog/uvm_examples/axi_ram_tb/testbench/drivers/driver.sv(145) @ 1465000: uvm_test_top.env.a.d [DRV] INCR Mode Write Transaction Started
UVM_INFO /home/naeemxnorabbasi/next_gen_tools_utilities/front_end/system_verilog/uvm_examples/axi_ram_tb/testbench/drivers/driver.sv(189) @ 1815000: uvm_test_top.env.a.d [DRV] INCR Mode Read Transaction Started
------------------------------
------------------------------
UVM_INFO /home/naeemxnorabbasi/next_gen_tools_utilities/front_end/system_verilog/uvm_examples/axi_ram_tb/testbench/sequences/transaction.sv(99) @ 2095000: uvm_test_top.env.a.seqr@@rdut [SEQ] Sending RST Transaction to DRV
------------------------------
UVM_INFO /home/naeemxnorabbasi/next_gen_tools_utilities/front_end/system_verilog/uvm_examples/axi_ram_tb/testbench/sequences/transaction.sv(99) @ 2105000: uvm_test_top.env.a.seqr@@rdut [SEQ] Sending RST Transaction to DRV
------------------------------
UVM_INFO /home/naeemxnorabbasi/next_gen_tools_utilities/front_end/system_verilog/uvm_examples/axi_ram_tb/testbench/sequences/transaction.sv(99) @ 2115000: uvm_test_top.env.a.seqr@@rdut [SEQ] Sending RST Transaction to DRV
------------------------------
UVM_INFO /home/naeemxnorabbasi/next_gen_tools_utilities/front_end/system_verilog/uvm_examples/axi_ram_tb/testbench/sequences/transaction.sv(99) @ 2125000: uvm_test_top.env.a.seqr@@rdut [SEQ] Sending RST Transaction to DRV
------------------------------
UVM_INFO /home/naeemxnorabbasi/next_gen_tools_utilities/front_end/system_verilog/uvm_examples/axi_ram_tb/testbench/sequences/transaction.sv(99) @ 2135000: uvm_test_top.env.a.seqr@@rdut [SEQ] Sending RST Transaction to DRV
------------------------------
UVM_INFO /home/naeemxnorabbasi/next_gen_tools_utilities/front_end/system_verilog/uvm_examples/axi_ram_tb/testbench/sequences/transaction.sv(195) @ 2165000: uvm_test_top.env.a.seqr@@vwrrdwrap [SEQ] Sending WRAP mode Transaction to DRV
UVM_INFO /home/naeemxnorabbasi/next_gen_tools_utilities/front_end/system_verilog/uvm_examples/axi_ram_tb/testbench/drivers/driver.sv(216) @ 2165000: uvm_test_top.env.a.d [DRV] WRAP Mode Write Transaction Started
UVM_INFO /home/naeemxnorabbasi/next_gen_tools_utilities/front_end/system_verilog/uvm_examples/axi_ram_tb/testbench/drivers/driver.sv(265) @ 2515000: uvm_test_top.env.a.d [DRV] WRAP Mode Read Transaction Started
------------------------------
UVM_INFO /tools/2025.2/Vivado/data/system_verilog/uvm_1.2/xlnx_uvm_package.sv(19968) @ 2795000: reporter [TEST_DONE] 'run' phase is ready to proceed to the 'extract' phase
UVM_INFO /tools/2025.2/Vivado/data/system_verilog/uvm_1.2/xlnx_uvm_package.sv(13673) @ 2795000: reporter [UVM/REPORT/SERVER] 
--- UVM Report Summary ---

** Report counts by severity
UVM_INFO :   37
UVM_WARNING :    0
UVM_ERROR :    0
UVM_FATAL :    0
** Report counts by id
[DRV]     8
[NO_DPI_TSTNAME]     1
[RNTST]     1
[SEQ]    24
[TEST_DONE]     1
[UVM/COMP/NAMECHECK]     1
[UVM/RELNOTES]     1

$finish called at time : 2795 ns : File "/tools/2025.2/Vivado/data/system_verilog/uvm_1.2/xlnx_uvm_package.sv" Line 18699
exit
INFO: xsimkernel Simulation Memory Usage: 316700 KB (Peak: 360644 KB), Simulation CPU Usage: 660 ms
INFO: [Common 17-206] Exiting xsim at Thu Aug 20 03:31:00 2026...
