#-----------------------------------------------------------
# xsim v2025.2 (64-bit)
# SW Build 6299465 on Fri Nov 14 12:34:56 MST 2025
# IP Build 6300035 on Fri Nov 14 10:48:45 MST 2025
# SharedData Build 6298862 on Thu Nov 13 04:50:51 MST 2025
# Start of session at: Thu Aug 20 03:49:57 2026
# Process ID         : 69200
# Current directory  : /home/naeemxnorabbasi/next_gen_tools_utilities/front_end/system_verilog/uvm_examples/forever_tb/scripts
# Command line       : xsim -mode tcl -source {xsim.dir/top/xsim_script.tcl}
# Log file           : /home/naeemxnorabbasi/next_gen_tools_utilities/front_end/system_verilog/uvm_examples/forever_tb/scripts/xsim.log
# Journal file       : /home/naeemxnorabbasi/next_gen_tools_utilities/front_end/system_verilog/uvm_examples/forever_tb/scripts/xsim.jou
# Running On         : pop-os
# Platform           : Pop
# Operating System   : Pop!_OS 22.04 LTS
# Processor Detail   : AMD Ryzen 7 7800X3D 8-Core Processor
# CPU Frequency      : 4853.443 MHz
# CPU Physical cores : 8
# CPU Logical cores  : 8
# Host memory        : 32714 MB
# Swap memory        : 17179 MB
# Total Virtual      : 49894 MB
# Available Virtual  : 38199 MB
#-----------------------------------------------------------
source xsim.dir/top/xsim_script.tcl
# xsim {top} -autoloadwcfg -runall
Time resolution is 1 ps
run -all
[0] Starting forever construct demo
[210000] Stimulus: break after 10 enabled cycles
[230000] Disabling Clocking block (stops forever clock loop)
[250000] PASS: forever demo complete
$finish called at time : 250001 ps : File "/home/naeemxnorabbasi/next_gen_tools_utilities/front_end/system_verilog/uvm_examples/forever_tb/src/forever_tb.sv" Line 74
exit
INFO: xsimkernel Simulation Memory Usage: 290600 KB (Peak: 347872 KB), Simulation CPU Usage: 640 ms
INFO: [Common 17-206] Exiting xsim at Thu Aug 20 03:49:59 2026...
