#-----------------------------------------------------------
# xsim v2025.2 (64-bit)
# SW Build 6299465 on Fri Nov 14 12:34:56 MST 2025
# IP Build 6300035 on Fri Nov 14 10:48:45 MST 2025
# SharedData Build 6298862 on Thu Nov 13 04:50:51 MST 2025
# Start of session at: Thu Aug 20 03:19:23 2026
# Process ID         : 58147
# Current directory  : /home/naeemxnorabbasi/Downloads/uvm_testbench_examples-main/spi_ram_tb/scripts
# Command line       : xsim -mode tcl -source {xsim.dir/top/xsim_script.tcl}
# Log file           : /home/naeemxnorabbasi/Downloads/uvm_testbench_examples-main/spi_ram_tb/scripts/xsim.log
# Journal file       : /home/naeemxnorabbasi/Downloads/uvm_testbench_examples-main/spi_ram_tb/scripts/xsim.jou
# Running On         : pop-os
# Platform           : Pop
# Operating System   : Pop!_OS 22.04 LTS
# Processor Detail   : AMD Ryzen 7 7800X3D 8-Core Processor
# CPU Frequency      : 4885.945 MHz
# CPU Physical cores : 8
# CPU Logical cores  : 8
# Host memory        : 32714 MB
# Swap memory        : 17179 MB
# Total Virtual      : 49894 MB
# Available Virtual  : 41538 MB
#-----------------------------------------------------------
source xsim.dir/top/xsim_script.tcl
# xsim {top} -testplusarg UVM_TESTNAME=test -testplusarg UVM_VERBOSITY=UVM_LOW -autoloadwcfg -runall
Time resolution is 1 ps
run -all
UVM_INFO /tools/2025.2/Vivado/data/system_verilog/uvm_1.2/xlnx_uvm_package.sv(18601) @ 0: reporter [UVM/RELNOTES] 
----------------------------------------------------------------
UVM-1.2
(C) 2007-2014 Mentor Graphics Corporation
(C) 2007-2014 Cadence Design Systems, Inc.
(C) 2006-2014 Synopsys, Inc.
(C) 2011-2013 Cypress Semiconductor Corp.
(C) 2013-2014 NVIDIA Corporation
----------------------------------------------------------------

  ***********       IMPORTANT RELEASE NOTES         ************

  You are using a version of the UVM library that has been compiled
  with `UVM_NO_DEPRECATED undefined.

  You are using a version of the UVM library that has been compiled
  with `UVM_OBJECT_DO_NOT_NEED_CONSTRUCTOR undefined.

      (Specify +UVM_NO_RELNOTES to turn off this notice)

UVM_INFO /tools/2025.2/Vivado/data/system_verilog/uvm_1.2/xlnx_uvm_package.sv(18648) @ 0: reporter [NO_DPI_TSTNAME] UVM_NO_DPI defined--getting UVM_TESTNAME directly, without DPI
UVM_INFO @ 0: reporter [RNTST] Running test test...
UVM_INFO /tools/2025.2/Vivado/data/system_verilog/uvm_1.2/xlnx_uvm_package.sv(20867) @ 0: reporter [UVM/COMP/NAMECHECK] This implementation of the component name checks requires DPI to be enabled
UVM_INFO /home/naeemxnorabbasi/Downloads/uvm_testbench_examples-main/spi_ram_tb/testbench/monitors/monitor.sv(55) @ 370000: uvm_test_top.env.a.m [MON] DATA WRITE addr:1 data:195
UVM_INFO /home/naeemxnorabbasi/Downloads/uvm_testbench_examples-main/spi_ram_tb/testbench/scoreboards/scoreboard.sv(32) @ 370000: uvm_test_top.env.s [SCO] DATA WRITE OP  addr:1, wdata:195 arr_wr:195
----------------------------------------------------------------
UVM_INFO /home/naeemxnorabbasi/Downloads/uvm_testbench_examples-main/spi_ram_tb/testbench/monitors/monitor.sv(55) @ 750000: uvm_test_top.env.a.m [MON] DATA WRITE addr:3 data:220
UVM_INFO /home/naeemxnorabbasi/Downloads/uvm_testbench_examples-main/spi_ram_tb/testbench/scoreboards/scoreboard.sv(32) @ 750000: uvm_test_top.env.s [SCO] DATA WRITE OP  addr:3, wdata:220 arr_wr:220
----------------------------------------------------------------
UVM_INFO /home/naeemxnorabbasi/Downloads/uvm_testbench_examples-main/spi_ram_tb/testbench/monitors/monitor.sv(55) @ 1130000: uvm_test_top.env.a.m [MON] DATA WRITE addr:5 data:170
UVM_INFO /home/naeemxnorabbasi/Downloads/uvm_testbench_examples-main/spi_ram_tb/testbench/scoreboards/scoreboard.sv(32) @ 1130000: uvm_test_top.env.s [SCO] DATA WRITE OP  addr:5, wdata:170 arr_wr:170
----------------------------------------------------------------
UVM_INFO /home/naeemxnorabbasi/Downloads/uvm_testbench_examples-main/spi_ram_tb/testbench/monitors/monitor.sv(55) @ 1510000: uvm_test_top.env.a.m [MON] DATA WRITE addr:9 data:48
UVM_INFO /home/naeemxnorabbasi/Downloads/uvm_testbench_examples-main/spi_ram_tb/testbench/scoreboards/scoreboard.sv(32) @ 1510000: uvm_test_top.env.s [SCO] DATA WRITE OP  addr:9, wdata:48 arr_wr:48
----------------------------------------------------------------
UVM_INFO /home/naeemxnorabbasi/Downloads/uvm_testbench_examples-main/spi_ram_tb/testbench/monitors/monitor.sv(55) @ 1890000: uvm_test_top.env.a.m [MON] DATA WRITE addr:1 data:170
UVM_INFO /home/naeemxnorabbasi/Downloads/uvm_testbench_examples-main/spi_ram_tb/testbench/scoreboards/scoreboard.sv(32) @ 1890000: uvm_test_top.env.s [SCO] DATA WRITE OP  addr:1, wdata:170 arr_wr:170
----------------------------------------------------------------
UVM_INFO /home/naeemxnorabbasi/Downloads/uvm_testbench_examples-main/spi_ram_tb/testbench/monitors/monitor.sv(55) @ 2270000: uvm_test_top.env.a.m [MON] DATA WRITE addr:9 data:15
UVM_INFO /home/naeemxnorabbasi/Downloads/uvm_testbench_examples-main/spi_ram_tb/testbench/scoreboards/scoreboard.sv(32) @ 2270000: uvm_test_top.env.s [SCO] DATA WRITE OP  addr:9, wdata:15 arr_wr:15
----------------------------------------------------------------
UVM_INFO /home/naeemxnorabbasi/Downloads/uvm_testbench_examples-main/spi_ram_tb/testbench/monitors/monitor.sv(55) @ 2650000: uvm_test_top.env.a.m [MON] DATA WRITE addr:2 data:63
UVM_INFO /home/naeemxnorabbasi/Downloads/uvm_testbench_examples-main/spi_ram_tb/testbench/scoreboards/scoreboard.sv(32) @ 2650000: uvm_test_top.env.s [SCO] DATA WRITE OP  addr:2, wdata:63 arr_wr:63
----------------------------------------------------------------
UVM_INFO /home/naeemxnorabbasi/Downloads/uvm_testbench_examples-main/spi_ram_tb/testbench/monitors/monitor.sv(55) @ 3030000: uvm_test_top.env.a.m [MON] DATA WRITE addr:8 data:90
UVM_INFO /home/naeemxnorabbasi/Downloads/uvm_testbench_examples-main/spi_ram_tb/testbench/scoreboards/scoreboard.sv(32) @ 3030000: uvm_test_top.env.s [SCO] DATA WRITE OP  addr:8, wdata:90 arr_wr:90
----------------------------------------------------------------
UVM_INFO /home/naeemxnorabbasi/Downloads/uvm_testbench_examples-main/spi_ram_tb/testbench/monitors/monitor.sv(55) @ 3410000: uvm_test_top.env.a.m [MON] DATA WRITE addr:1 data:120
UVM_INFO /home/naeemxnorabbasi/Downloads/uvm_testbench_examples-main/spi_ram_tb/testbench/scoreboards/scoreboard.sv(32) @ 3410000: uvm_test_top.env.s [SCO] DATA WRITE OP  addr:1, wdata:120 arr_wr:120
----------------------------------------------------------------
UVM_INFO /home/naeemxnorabbasi/Downloads/uvm_testbench_examples-main/spi_ram_tb/testbench/monitors/monitor.sv(55) @ 3790000: uvm_test_top.env.a.m [MON] DATA WRITE addr:0 data:59
UVM_INFO /home/naeemxnorabbasi/Downloads/uvm_testbench_examples-main/spi_ram_tb/testbench/scoreboards/scoreboard.sv(32) @ 3790000: uvm_test_top.env.s [SCO] DATA WRITE OP  addr:0, wdata:59 arr_wr:59
----------------------------------------------------------------
UVM_INFO /home/naeemxnorabbasi/Downloads/uvm_testbench_examples-main/spi_ram_tb/testbench/monitors/monitor.sv(79) @ 4190000: uvm_test_top.env.a.m [MON] DATA READ addr:10 data:0 
UVM_INFO /home/naeemxnorabbasi/Downloads/uvm_testbench_examples-main/spi_ram_tb/testbench/scoreboards/scoreboard.sv(40) @ 4190000: uvm_test_top.env.s [SCO] DATA MATCHED : addr:10, rdata:0
----------------------------------------------------------------
UVM_INFO /home/naeemxnorabbasi/Downloads/uvm_testbench_examples-main/spi_ram_tb/testbench/monitors/monitor.sv(79) @ 4590000: uvm_test_top.env.a.m [MON] DATA READ addr:1 data:120 
UVM_INFO /home/naeemxnorabbasi/Downloads/uvm_testbench_examples-main/spi_ram_tb/testbench/scoreboards/scoreboard.sv(40) @ 4590000: uvm_test_top.env.s [SCO] DATA MATCHED : addr:1, rdata:120
----------------------------------------------------------------
UVM_INFO /home/naeemxnorabbasi/Downloads/uvm_testbench_examples-main/spi_ram_tb/testbench/monitors/monitor.sv(79) @ 4990000: uvm_test_top.env.a.m [MON] DATA READ addr:5 data:170 
UVM_INFO /home/naeemxnorabbasi/Downloads/uvm_testbench_examples-main/spi_ram_tb/testbench/scoreboards/scoreboard.sv(40) @ 4990000: uvm_test_top.env.s [SCO] DATA MATCHED : addr:5, rdata:170
----------------------------------------------------------------
UVM_INFO /home/naeemxnorabbasi/Downloads/uvm_testbench_examples-main/spi_ram_tb/testbench/monitors/monitor.sv(79) @ 5390000: uvm_test_top.env.a.m [MON] DATA READ addr:4 data:0 
UVM_INFO /home/naeemxnorabbasi/Downloads/uvm_testbench_examples-main/spi_ram_tb/testbench/scoreboards/scoreboard.sv(40) @ 5390000: uvm_test_top.env.s [SCO] DATA MATCHED : addr:4, rdata:0
----------------------------------------------------------------
UVM_INFO /home/naeemxnorabbasi/Downloads/uvm_testbench_examples-main/spi_ram_tb/testbench/monitors/monitor.sv(79) @ 5790000: uvm_test_top.env.a.m [MON] DATA READ addr:8 data:90 
UVM_INFO /home/naeemxnorabbasi/Downloads/uvm_testbench_examples-main/spi_ram_tb/testbench/scoreboards/scoreboard.sv(40) @ 5790000: uvm_test_top.env.s [SCO] DATA MATCHED : addr:8, rdata:90
----------------------------------------------------------------
UVM_INFO /home/naeemxnorabbasi/Downloads/uvm_testbench_examples-main/spi_ram_tb/testbench/monitors/monitor.sv(79) @ 6190000: uvm_test_top.env.a.m [MON] DATA READ addr:4 data:0 
UVM_INFO /home/naeemxnorabbasi/Downloads/uvm_testbench_examples-main/spi_ram_tb/testbench/scoreboards/scoreboard.sv(40) @ 6190000: uvm_test_top.env.s [SCO] DATA MATCHED : addr:4, rdata:0
----------------------------------------------------------------
UVM_INFO /home/naeemxnorabbasi/Downloads/uvm_testbench_examples-main/spi_ram_tb/testbench/monitors/monitor.sv(79) @ 6590000: uvm_test_top.env.a.m [MON] DATA READ addr:2 data:63 
UVM_INFO /home/naeemxnorabbasi/Downloads/uvm_testbench_examples-main/spi_ram_tb/testbench/scoreboards/scoreboard.sv(40) @ 6590000: uvm_test_top.env.s [SCO] DATA MATCHED : addr:2, rdata:63
----------------------------------------------------------------
UVM_INFO /home/naeemxnorabbasi/Downloads/uvm_testbench_examples-main/spi_ram_tb/testbench/monitors/monitor.sv(79) @ 6990000: uvm_test_top.env.a.m [MON] DATA READ addr:5 data:170 
UVM_INFO /home/naeemxnorabbasi/Downloads/uvm_testbench_examples-main/spi_ram_tb/testbench/scoreboards/scoreboard.sv(40) @ 6990000: uvm_test_top.env.s [SCO] DATA MATCHED : addr:5, rdata:170
----------------------------------------------------------------
UVM_INFO /home/naeemxnorabbasi/Downloads/uvm_testbench_examples-main/spi_ram_tb/testbench/monitors/monitor.sv(79) @ 7390000: uvm_test_top.env.a.m [MON] DATA READ addr:7 data:0 
UVM_INFO /home/naeemxnorabbasi/Downloads/uvm_testbench_examples-main/spi_ram_tb/testbench/scoreboards/scoreboard.sv(40) @ 7390000: uvm_test_top.env.s [SCO] DATA MATCHED : addr:7, rdata:0
----------------------------------------------------------------
UVM_INFO /home/naeemxnorabbasi/Downloads/uvm_testbench_examples-main/spi_ram_tb/testbench/monitors/monitor.sv(79) @ 7790000: uvm_test_top.env.a.m [MON] DATA READ addr:8 data:90 
UVM_INFO /home/naeemxnorabbasi/Downloads/uvm_testbench_examples-main/spi_ram_tb/testbench/scoreboards/scoreboard.sv(40) @ 7790000: uvm_test_top.env.s [SCO] DATA MATCHED : addr:8, rdata:90
----------------------------------------------------------------
UVM_INFO /tools/2025.2/Vivado/data/system_verilog/uvm_1.2/xlnx_uvm_package.sv(19968) @ 7790000: reporter [TEST_DONE] 'run' phase is ready to proceed to the 'extract' phase
UVM_INFO /tools/2025.2/Vivado/data/system_verilog/uvm_1.2/xlnx_uvm_package.sv(13673) @ 7790000: reporter [UVM/REPORT/SERVER] 
--- UVM Report Summary ---

** Report counts by severity
UVM_INFO :   45
UVM_WARNING :    0
UVM_ERROR :    0
UVM_FATAL :    0
** Report counts by id
[MON]    20
[NO_DPI_TSTNAME]     1
[RNTST]     1
[SCO]    20
[TEST_DONE]     1
[UVM/COMP/NAMECHECK]     1
[UVM/RELNOTES]     1

$finish called at time : 7790 ns : File "/tools/2025.2/Vivado/data/system_verilog/uvm_1.2/xlnx_uvm_package.sv" Line 18699
exit
INFO: xsimkernel Simulation Memory Usage: 317104 KB (Peak: 361060 KB), Simulation CPU Usage: 660 ms
INFO: [Common 17-206] Exiting xsim at Thu Aug 20 03:19:25 2026...
