#-----------------------------------------------------------
# xsim v2025.2 (64-bit)
# SW Build 6299465 on Fri Nov 14 12:34:56 MST 2025
# IP Build 6300035 on Fri Nov 14 10:48:45 MST 2025
# SharedData Build 6298862 on Thu Nov 13 04:50:51 MST 2025
# Start of session at: Thu Aug 20 03:29:50 2026
# Process ID         : 62701
# Current directory  : /home/naeemxnorabbasi/next_gen_tools_utilities/front_end/system_verilog/uvm_examples/dff_tb/scripts
# Command line       : xsim -mode tcl -source {xsim.dir/top/xsim_script.tcl}
# Log file           : /home/naeemxnorabbasi/next_gen_tools_utilities/front_end/system_verilog/uvm_examples/dff_tb/scripts/xsim.log
# Journal file       : /home/naeemxnorabbasi/next_gen_tools_utilities/front_end/system_verilog/uvm_examples/dff_tb/scripts/xsim.jou
# Running On         : pop-os
# Platform           : Pop
# Operating System   : Pop!_OS 22.04 LTS
# Processor Detail   : AMD Ryzen 7 7800X3D 8-Core Processor
# CPU Frequency      : 4840.103 MHz
# CPU Physical cores : 8
# CPU Logical cores  : 8
# Host memory        : 32714 MB
# Swap memory        : 17179 MB
# Total Virtual      : 49894 MB
# Available Virtual  : 38302 MB
#-----------------------------------------------------------
source xsim.dir/top/xsim_script.tcl
# xsim {top} -testplusarg UVM_TESTNAME=test -testplusarg UVM_VERBOSITY=UVM_LOW -autoloadwcfg -runall
Time resolution is 1 ps
run -all
UVM_INFO /tools/2025.2/Vivado/data/system_verilog/uvm_1.2/xlnx_uvm_package.sv(18601) @ 0: reporter [UVM/RELNOTES] 
----------------------------------------------------------------
UVM-1.2
(C) 2007-2014 Mentor Graphics Corporation
(C) 2007-2014 Cadence Design Systems, Inc.
(C) 2006-2014 Synopsys, Inc.
(C) 2011-2013 Cypress Semiconductor Corp.
(C) 2013-2014 NVIDIA Corporation
----------------------------------------------------------------

  ***********       IMPORTANT RELEASE NOTES         ************

  You are using a version of the UVM library that has been compiled
  with `UVM_NO_DEPRECATED undefined.

  You are using a version of the UVM library that has been compiled
  with `UVM_OBJECT_DO_NOT_NEED_CONSTRUCTOR undefined.

      (Specify +UVM_NO_RELNOTES to turn off this notice)

UVM_INFO /tools/2025.2/Vivado/data/system_verilog/uvm_1.2/xlnx_uvm_package.sv(18648) @ 0: reporter [NO_DPI_TSTNAME] UVM_NO_DPI defined--getting UVM_TESTNAME directly, without DPI
UVM_INFO @ 0: reporter [RNTST] Running test test...
UVM_INFO /tools/2025.2/Vivado/data/system_verilog/uvm_1.2/xlnx_uvm_package.sv(20867) @ 0: reporter [UVM/COMP/NAMECHECK] This implementation of the component name checks requires DPI to be enabled
UVM_INFO /home/naeemxnorabbasi/next_gen_tools_utilities/front_end/system_verilog/uvm_examples/dff_tb/testbench/sequences/transaction.sv(86) @ 0: uvm_test_top.env.a.seqr@@rff [SEQ] rst : 1  din : 0  dout : 0
UVM_INFO /home/naeemxnorabbasi/next_gen_tools_utilities/front_end/system_verilog/uvm_examples/dff_tb/testbench/drivers/driver.sv(26) @ 0: uvm_test_top.env.a.d [DRV] rst : 1  din : 0  dout : 0
UVM_INFO /home/naeemxnorabbasi/next_gen_tools_utilities/front_end/system_verilog/uvm_examples/dff_tb/testbench/monitors/monitor.sv(29) @ 30000: uvm_test_top.env.a.m [MON] rst : 1  din : 0  dout : 0
UVM_INFO /home/naeemxnorabbasi/next_gen_tools_utilities/front_end/system_verilog/uvm_examples/dff_tb/testbench/scoreboards/scoreboard.sv(20) @ 30000: uvm_test_top.env.s [SCO] rst : 1  din : 0  dout : 0
UVM_INFO /home/naeemxnorabbasi/next_gen_tools_utilities/front_end/system_verilog/uvm_examples/dff_tb/testbench/scoreboards/scoreboard.sv(22) @ 30000: uvm_test_top.env.s [SCO] DFF Reset
----------------------------------------------------------------
UVM_INFO /home/naeemxnorabbasi/next_gen_tools_utilities/front_end/system_verilog/uvm_examples/dff_tb/testbench/sequences/transaction.sv(86) @ 30000: uvm_test_top.env.a.seqr@@rff [SEQ] rst : 1  din : 1  dout : 0
UVM_INFO /home/naeemxnorabbasi/next_gen_tools_utilities/front_end/system_verilog/uvm_examples/dff_tb/testbench/drivers/driver.sv(26) @ 30000: uvm_test_top.env.a.d [DRV] rst : 1  din : 1  dout : 0
UVM_INFO /home/naeemxnorabbasi/next_gen_tools_utilities/front_end/system_verilog/uvm_examples/dff_tb/testbench/monitors/monitor.sv(29) @ 70000: uvm_test_top.env.a.m [MON] rst : 1  din : 1  dout : 0
UVM_INFO /home/naeemxnorabbasi/next_gen_tools_utilities/front_end/system_verilog/uvm_examples/dff_tb/testbench/scoreboards/scoreboard.sv(20) @ 70000: uvm_test_top.env.s [SCO] rst : 1  din : 1  dout : 0
UVM_INFO /home/naeemxnorabbasi/next_gen_tools_utilities/front_end/system_verilog/uvm_examples/dff_tb/testbench/scoreboards/scoreboard.sv(22) @ 70000: uvm_test_top.env.s [SCO] DFF Reset
----------------------------------------------------------------
UVM_INFO /home/naeemxnorabbasi/next_gen_tools_utilities/front_end/system_verilog/uvm_examples/dff_tb/testbench/sequences/transaction.sv(86) @ 70000: uvm_test_top.env.a.seqr@@rff [SEQ] rst : 1  din : 0  dout : 0
UVM_INFO /home/naeemxnorabbasi/next_gen_tools_utilities/front_end/system_verilog/uvm_examples/dff_tb/testbench/drivers/driver.sv(26) @ 70000: uvm_test_top.env.a.d [DRV] rst : 1  din : 0  dout : 0
UVM_INFO /home/naeemxnorabbasi/next_gen_tools_utilities/front_end/system_verilog/uvm_examples/dff_tb/testbench/monitors/monitor.sv(29) @ 110000: uvm_test_top.env.a.m [MON] rst : 1  din : 0  dout : 0
UVM_INFO /home/naeemxnorabbasi/next_gen_tools_utilities/front_end/system_verilog/uvm_examples/dff_tb/testbench/scoreboards/scoreboard.sv(20) @ 110000: uvm_test_top.env.s [SCO] rst : 1  din : 0  dout : 0
UVM_INFO /home/naeemxnorabbasi/next_gen_tools_utilities/front_end/system_verilog/uvm_examples/dff_tb/testbench/scoreboards/scoreboard.sv(22) @ 110000: uvm_test_top.env.s [SCO] DFF Reset
----------------------------------------------------------------
UVM_INFO /home/naeemxnorabbasi/next_gen_tools_utilities/front_end/system_verilog/uvm_examples/dff_tb/testbench/sequences/transaction.sv(86) @ 110000: uvm_test_top.env.a.seqr@@rff [SEQ] rst : 1  din : 1  dout : 0
UVM_INFO /home/naeemxnorabbasi/next_gen_tools_utilities/front_end/system_verilog/uvm_examples/dff_tb/testbench/drivers/driver.sv(26) @ 110000: uvm_test_top.env.a.d [DRV] rst : 1  din : 1  dout : 0
UVM_INFO /home/naeemxnorabbasi/next_gen_tools_utilities/front_end/system_verilog/uvm_examples/dff_tb/testbench/monitors/monitor.sv(29) @ 150000: uvm_test_top.env.a.m [MON] rst : 1  din : 1  dout : 0
UVM_INFO /home/naeemxnorabbasi/next_gen_tools_utilities/front_end/system_verilog/uvm_examples/dff_tb/testbench/scoreboards/scoreboard.sv(20) @ 150000: uvm_test_top.env.s [SCO] rst : 1  din : 1  dout : 0
UVM_INFO /home/naeemxnorabbasi/next_gen_tools_utilities/front_end/system_verilog/uvm_examples/dff_tb/testbench/scoreboards/scoreboard.sv(22) @ 150000: uvm_test_top.env.s [SCO] DFF Reset
----------------------------------------------------------------
UVM_INFO /home/naeemxnorabbasi/next_gen_tools_utilities/front_end/system_verilog/uvm_examples/dff_tb/testbench/sequences/transaction.sv(86) @ 150000: uvm_test_top.env.a.seqr@@rff [SEQ] rst : 1  din : 0  dout : 0
UVM_INFO /home/naeemxnorabbasi/next_gen_tools_utilities/front_end/system_verilog/uvm_examples/dff_tb/testbench/drivers/driver.sv(26) @ 150000: uvm_test_top.env.a.d [DRV] rst : 1  din : 0  dout : 0
UVM_INFO /home/naeemxnorabbasi/next_gen_tools_utilities/front_end/system_verilog/uvm_examples/dff_tb/testbench/monitors/monitor.sv(29) @ 190000: uvm_test_top.env.a.m [MON] rst : 1  din : 0  dout : 0
UVM_INFO /home/naeemxnorabbasi/next_gen_tools_utilities/front_end/system_verilog/uvm_examples/dff_tb/testbench/scoreboards/scoreboard.sv(20) @ 190000: uvm_test_top.env.s [SCO] rst : 1  din : 0  dout : 0
UVM_INFO /home/naeemxnorabbasi/next_gen_tools_utilities/front_end/system_verilog/uvm_examples/dff_tb/testbench/scoreboards/scoreboard.sv(22) @ 190000: uvm_test_top.env.s [SCO] DFF Reset
----------------------------------------------------------------
UVM_INFO /home/naeemxnorabbasi/next_gen_tools_utilities/front_end/system_verilog/uvm_examples/dff_tb/testbench/sequences/transaction.sv(86) @ 190000: uvm_test_top.env.a.seqr@@rff [SEQ] rst : 1  din : 1  dout : 0
UVM_INFO /home/naeemxnorabbasi/next_gen_tools_utilities/front_end/system_verilog/uvm_examples/dff_tb/testbench/drivers/driver.sv(26) @ 190000: uvm_test_top.env.a.d [DRV] rst : 1  din : 1  dout : 0
UVM_INFO /home/naeemxnorabbasi/next_gen_tools_utilities/front_end/system_verilog/uvm_examples/dff_tb/testbench/monitors/monitor.sv(29) @ 230000: uvm_test_top.env.a.m [MON] rst : 1  din : 1  dout : 0
UVM_INFO /home/naeemxnorabbasi/next_gen_tools_utilities/front_end/system_verilog/uvm_examples/dff_tb/testbench/scoreboards/scoreboard.sv(20) @ 230000: uvm_test_top.env.s [SCO] rst : 1  din : 1  dout : 0
UVM_INFO /home/naeemxnorabbasi/next_gen_tools_utilities/front_end/system_verilog/uvm_examples/dff_tb/testbench/scoreboards/scoreboard.sv(22) @ 230000: uvm_test_top.env.s [SCO] DFF Reset
----------------------------------------------------------------
UVM_INFO /home/naeemxnorabbasi/next_gen_tools_utilities/front_end/system_verilog/uvm_examples/dff_tb/testbench/sequences/transaction.sv(86) @ 230000: uvm_test_top.env.a.seqr@@rff [SEQ] rst : 1  din : 0  dout : 0
UVM_INFO /home/naeemxnorabbasi/next_gen_tools_utilities/front_end/system_verilog/uvm_examples/dff_tb/testbench/drivers/driver.sv(26) @ 230000: uvm_test_top.env.a.d [DRV] rst : 1  din : 0  dout : 0
UVM_INFO /home/naeemxnorabbasi/next_gen_tools_utilities/front_end/system_verilog/uvm_examples/dff_tb/testbench/monitors/monitor.sv(29) @ 270000: uvm_test_top.env.a.m [MON] rst : 1  din : 0  dout : 0
UVM_INFO /home/naeemxnorabbasi/next_gen_tools_utilities/front_end/system_verilog/uvm_examples/dff_tb/testbench/scoreboards/scoreboard.sv(20) @ 270000: uvm_test_top.env.s [SCO] rst : 1  din : 0  dout : 0
UVM_INFO /home/naeemxnorabbasi/next_gen_tools_utilities/front_end/system_verilog/uvm_examples/dff_tb/testbench/scoreboards/scoreboard.sv(22) @ 270000: uvm_test_top.env.s [SCO] DFF Reset
----------------------------------------------------------------
UVM_INFO /home/naeemxnorabbasi/next_gen_tools_utilities/front_end/system_verilog/uvm_examples/dff_tb/testbench/sequences/transaction.sv(86) @ 270000: uvm_test_top.env.a.seqr@@rff [SEQ] rst : 1  din : 0  dout : 0
UVM_INFO /home/naeemxnorabbasi/next_gen_tools_utilities/front_end/system_verilog/uvm_examples/dff_tb/testbench/drivers/driver.sv(26) @ 270000: uvm_test_top.env.a.d [DRV] rst : 1  din : 0  dout : 0
UVM_INFO /home/naeemxnorabbasi/next_gen_tools_utilities/front_end/system_verilog/uvm_examples/dff_tb/testbench/monitors/monitor.sv(29) @ 310000: uvm_test_top.env.a.m [MON] rst : 1  din : 0  dout : 0
UVM_INFO /home/naeemxnorabbasi/next_gen_tools_utilities/front_end/system_verilog/uvm_examples/dff_tb/testbench/scoreboards/scoreboard.sv(20) @ 310000: uvm_test_top.env.s [SCO] rst : 1  din : 0  dout : 0
UVM_INFO /home/naeemxnorabbasi/next_gen_tools_utilities/front_end/system_verilog/uvm_examples/dff_tb/testbench/scoreboards/scoreboard.sv(22) @ 310000: uvm_test_top.env.s [SCO] DFF Reset
----------------------------------------------------------------
UVM_INFO /home/naeemxnorabbasi/next_gen_tools_utilities/front_end/system_verilog/uvm_examples/dff_tb/testbench/sequences/transaction.sv(86) @ 310000: uvm_test_top.env.a.seqr@@rff [SEQ] rst : 1  din : 0  dout : 0
UVM_INFO /home/naeemxnorabbasi/next_gen_tools_utilities/front_end/system_verilog/uvm_examples/dff_tb/testbench/drivers/driver.sv(26) @ 310000: uvm_test_top.env.a.d [DRV] rst : 1  din : 0  dout : 0
UVM_INFO /home/naeemxnorabbasi/next_gen_tools_utilities/front_end/system_verilog/uvm_examples/dff_tb/testbench/monitors/monitor.sv(29) @ 350000: uvm_test_top.env.a.m [MON] rst : 1  din : 0  dout : 0
UVM_INFO /home/naeemxnorabbasi/next_gen_tools_utilities/front_end/system_verilog/uvm_examples/dff_tb/testbench/scoreboards/scoreboard.sv(20) @ 350000: uvm_test_top.env.s [SCO] rst : 1  din : 0  dout : 0
UVM_INFO /home/naeemxnorabbasi/next_gen_tools_utilities/front_end/system_verilog/uvm_examples/dff_tb/testbench/scoreboards/scoreboard.sv(22) @ 350000: uvm_test_top.env.s [SCO] DFF Reset
----------------------------------------------------------------
UVM_INFO /home/naeemxnorabbasi/next_gen_tools_utilities/front_end/system_verilog/uvm_examples/dff_tb/testbench/sequences/transaction.sv(86) @ 350000: uvm_test_top.env.a.seqr@@rff [SEQ] rst : 1  din : 1  dout : 0
UVM_INFO /home/naeemxnorabbasi/next_gen_tools_utilities/front_end/system_verilog/uvm_examples/dff_tb/testbench/drivers/driver.sv(26) @ 350000: uvm_test_top.env.a.d [DRV] rst : 1  din : 1  dout : 0
UVM_INFO /home/naeemxnorabbasi/next_gen_tools_utilities/front_end/system_verilog/uvm_examples/dff_tb/testbench/monitors/monitor.sv(29) @ 390000: uvm_test_top.env.a.m [MON] rst : 1  din : 1  dout : 0
UVM_INFO /home/naeemxnorabbasi/next_gen_tools_utilities/front_end/system_verilog/uvm_examples/dff_tb/testbench/scoreboards/scoreboard.sv(20) @ 390000: uvm_test_top.env.s [SCO] rst : 1  din : 1  dout : 0
UVM_INFO /home/naeemxnorabbasi/next_gen_tools_utilities/front_end/system_verilog/uvm_examples/dff_tb/testbench/scoreboards/scoreboard.sv(22) @ 390000: uvm_test_top.env.s [SCO] DFF Reset
----------------------------------------------------------------
UVM_INFO /home/naeemxnorabbasi/next_gen_tools_utilities/front_end/system_verilog/uvm_examples/dff_tb/testbench/sequences/transaction.sv(86) @ 390000: uvm_test_top.env.a.seqr@@rff [SEQ] rst : 1  din : 1  dout : 0
UVM_INFO /home/naeemxnorabbasi/next_gen_tools_utilities/front_end/system_verilog/uvm_examples/dff_tb/testbench/drivers/driver.sv(26) @ 390000: uvm_test_top.env.a.d [DRV] rst : 1  din : 1  dout : 0
UVM_INFO /home/naeemxnorabbasi/next_gen_tools_utilities/front_end/system_verilog/uvm_examples/dff_tb/testbench/monitors/monitor.sv(29) @ 430000: uvm_test_top.env.a.m [MON] rst : 1  din : 1  dout : 0
UVM_INFO /home/naeemxnorabbasi/next_gen_tools_utilities/front_end/system_verilog/uvm_examples/dff_tb/testbench/scoreboards/scoreboard.sv(20) @ 430000: uvm_test_top.env.s [SCO] rst : 1  din : 1  dout : 0
UVM_INFO /home/naeemxnorabbasi/next_gen_tools_utilities/front_end/system_verilog/uvm_examples/dff_tb/testbench/scoreboards/scoreboard.sv(22) @ 430000: uvm_test_top.env.s [SCO] DFF Reset
----------------------------------------------------------------
UVM_INFO /home/naeemxnorabbasi/next_gen_tools_utilities/front_end/system_verilog/uvm_examples/dff_tb/testbench/sequences/transaction.sv(86) @ 430000: uvm_test_top.env.a.seqr@@rff [SEQ] rst : 1  din : 0  dout : 0
UVM_INFO /home/naeemxnorabbasi/next_gen_tools_utilities/front_end/system_verilog/uvm_examples/dff_tb/testbench/drivers/driver.sv(26) @ 430000: uvm_test_top.env.a.d [DRV] rst : 1  din : 0  dout : 0
UVM_INFO /home/naeemxnorabbasi/next_gen_tools_utilities/front_end/system_verilog/uvm_examples/dff_tb/testbench/monitors/monitor.sv(29) @ 470000: uvm_test_top.env.a.m [MON] rst : 1  din : 0  dout : 0
UVM_INFO /home/naeemxnorabbasi/next_gen_tools_utilities/front_end/system_verilog/uvm_examples/dff_tb/testbench/scoreboards/scoreboard.sv(20) @ 470000: uvm_test_top.env.s [SCO] rst : 1  din : 0  dout : 0
UVM_INFO /home/naeemxnorabbasi/next_gen_tools_utilities/front_end/system_verilog/uvm_examples/dff_tb/testbench/scoreboards/scoreboard.sv(22) @ 470000: uvm_test_top.env.s [SCO] DFF Reset
----------------------------------------------------------------
UVM_INFO /home/naeemxnorabbasi/next_gen_tools_utilities/front_end/system_verilog/uvm_examples/dff_tb/testbench/sequences/transaction.sv(86) @ 470000: uvm_test_top.env.a.seqr@@rff [SEQ] rst : 1  din : 1  dout : 0
UVM_INFO /home/naeemxnorabbasi/next_gen_tools_utilities/front_end/system_verilog/uvm_examples/dff_tb/testbench/drivers/driver.sv(26) @ 470000: uvm_test_top.env.a.d [DRV] rst : 1  din : 1  dout : 0
UVM_INFO /home/naeemxnorabbasi/next_gen_tools_utilities/front_end/system_verilog/uvm_examples/dff_tb/testbench/monitors/monitor.sv(29) @ 510000: uvm_test_top.env.a.m [MON] rst : 1  din : 1  dout : 0
UVM_INFO /home/naeemxnorabbasi/next_gen_tools_utilities/front_end/system_verilog/uvm_examples/dff_tb/testbench/scoreboards/scoreboard.sv(20) @ 510000: uvm_test_top.env.s [SCO] rst : 1  din : 1  dout : 0
UVM_INFO /home/naeemxnorabbasi/next_gen_tools_utilities/front_end/system_verilog/uvm_examples/dff_tb/testbench/scoreboards/scoreboard.sv(22) @ 510000: uvm_test_top.env.s [SCO] DFF Reset
----------------------------------------------------------------
UVM_INFO /home/naeemxnorabbasi/next_gen_tools_utilities/front_end/system_verilog/uvm_examples/dff_tb/testbench/sequences/transaction.sv(86) @ 510000: uvm_test_top.env.a.seqr@@rff [SEQ] rst : 1  din : 0  dout : 0
UVM_INFO /home/naeemxnorabbasi/next_gen_tools_utilities/front_end/system_verilog/uvm_examples/dff_tb/testbench/drivers/driver.sv(26) @ 510000: uvm_test_top.env.a.d [DRV] rst : 1  din : 0  dout : 0
UVM_INFO /home/naeemxnorabbasi/next_gen_tools_utilities/front_end/system_verilog/uvm_examples/dff_tb/testbench/monitors/monitor.sv(29) @ 550000: uvm_test_top.env.a.m [MON] rst : 1  din : 0  dout : 0
UVM_INFO /home/naeemxnorabbasi/next_gen_tools_utilities/front_end/system_verilog/uvm_examples/dff_tb/testbench/scoreboards/scoreboard.sv(20) @ 550000: uvm_test_top.env.s [SCO] rst : 1  din : 0  dout : 0
UVM_INFO /home/naeemxnorabbasi/next_gen_tools_utilities/front_end/system_verilog/uvm_examples/dff_tb/testbench/scoreboards/scoreboard.sv(22) @ 550000: uvm_test_top.env.s [SCO] DFF Reset
----------------------------------------------------------------
UVM_INFO /home/naeemxnorabbasi/next_gen_tools_utilities/front_end/system_verilog/uvm_examples/dff_tb/testbench/sequences/transaction.sv(86) @ 550000: uvm_test_top.env.a.seqr@@rff [SEQ] rst : 1  din : 0  dout : 0
UVM_INFO /home/naeemxnorabbasi/next_gen_tools_utilities/front_end/system_verilog/uvm_examples/dff_tb/testbench/drivers/driver.sv(26) @ 550000: uvm_test_top.env.a.d [DRV] rst : 1  din : 0  dout : 0
UVM_INFO /home/naeemxnorabbasi/next_gen_tools_utilities/front_end/system_verilog/uvm_examples/dff_tb/testbench/monitors/monitor.sv(29) @ 590000: uvm_test_top.env.a.m [MON] rst : 1  din : 0  dout : 0
UVM_INFO /home/naeemxnorabbasi/next_gen_tools_utilities/front_end/system_verilog/uvm_examples/dff_tb/testbench/scoreboards/scoreboard.sv(20) @ 590000: uvm_test_top.env.s [SCO] rst : 1  din : 0  dout : 0
UVM_INFO /home/naeemxnorabbasi/next_gen_tools_utilities/front_end/system_verilog/uvm_examples/dff_tb/testbench/scoreboards/scoreboard.sv(22) @ 590000: uvm_test_top.env.s [SCO] DFF Reset
----------------------------------------------------------------
UVM_INFO /home/naeemxnorabbasi/next_gen_tools_utilities/front_end/system_verilog/uvm_examples/dff_tb/testbench/sequences/transaction.sv(61) @ 590000: uvm_test_top.env.a.seqr@@vdin [SEQ] rst : 0  din : 1  dout : 0
UVM_INFO /home/naeemxnorabbasi/next_gen_tools_utilities/front_end/system_verilog/uvm_examples/dff_tb/testbench/drivers/driver.sv(26) @ 590000: uvm_test_top.env.a.d [DRV] rst : 0  din : 1  dout : 0
UVM_INFO /home/naeemxnorabbasi/next_gen_tools_utilities/front_end/system_verilog/uvm_examples/dff_tb/testbench/monitors/monitor.sv(29) @ 630000: uvm_test_top.env.a.m [MON] rst : 0  din : 1  dout : 1
UVM_INFO /home/naeemxnorabbasi/next_gen_tools_utilities/front_end/system_verilog/uvm_examples/dff_tb/testbench/scoreboards/scoreboard.sv(20) @ 630000: uvm_test_top.env.s [SCO] rst : 0  din : 1  dout : 1
UVM_INFO /home/naeemxnorabbasi/next_gen_tools_utilities/front_end/system_verilog/uvm_examples/dff_tb/testbench/scoreboards/scoreboard.sv(24) @ 630000: uvm_test_top.env.s [SCO] TEST PASSED
----------------------------------------------------------------
UVM_INFO /home/naeemxnorabbasi/next_gen_tools_utilities/front_end/system_verilog/uvm_examples/dff_tb/testbench/sequences/transaction.sv(61) @ 630000: uvm_test_top.env.a.seqr@@vdin [SEQ] rst : 0  din : 1  dout : 0
UVM_INFO /home/naeemxnorabbasi/next_gen_tools_utilities/front_end/system_verilog/uvm_examples/dff_tb/testbench/drivers/driver.sv(26) @ 630000: uvm_test_top.env.a.d [DRV] rst : 0  din : 1  dout : 0
UVM_INFO /home/naeemxnorabbasi/next_gen_tools_utilities/front_end/system_verilog/uvm_examples/dff_tb/testbench/monitors/monitor.sv(29) @ 670000: uvm_test_top.env.a.m [MON] rst : 0  din : 1  dout : 1
UVM_INFO /home/naeemxnorabbasi/next_gen_tools_utilities/front_end/system_verilog/uvm_examples/dff_tb/testbench/scoreboards/scoreboard.sv(20) @ 670000: uvm_test_top.env.s [SCO] rst : 0  din : 1  dout : 1
UVM_INFO /home/naeemxnorabbasi/next_gen_tools_utilities/front_end/system_verilog/uvm_examples/dff_tb/testbench/scoreboards/scoreboard.sv(24) @ 670000: uvm_test_top.env.s [SCO] TEST PASSED
----------------------------------------------------------------
UVM_INFO /home/naeemxnorabbasi/next_gen_tools_utilities/front_end/system_verilog/uvm_examples/dff_tb/testbench/sequences/transaction.sv(61) @ 670000: uvm_test_top.env.a.seqr@@vdin [SEQ] rst : 0  din : 0  dout : 0
UVM_INFO /home/naeemxnorabbasi/next_gen_tools_utilities/front_end/system_verilog/uvm_examples/dff_tb/testbench/drivers/driver.sv(26) @ 670000: uvm_test_top.env.a.d [DRV] rst : 0  din : 0  dout : 0
UVM_INFO /home/naeemxnorabbasi/next_gen_tools_utilities/front_end/system_verilog/uvm_examples/dff_tb/testbench/monitors/monitor.sv(29) @ 710000: uvm_test_top.env.a.m [MON] rst : 0  din : 0  dout : 0
UVM_INFO /home/naeemxnorabbasi/next_gen_tools_utilities/front_end/system_verilog/uvm_examples/dff_tb/testbench/scoreboards/scoreboard.sv(20) @ 710000: uvm_test_top.env.s [SCO] rst : 0  din : 0  dout : 0
UVM_INFO /home/naeemxnorabbasi/next_gen_tools_utilities/front_end/system_verilog/uvm_examples/dff_tb/testbench/scoreboards/scoreboard.sv(24) @ 710000: uvm_test_top.env.s [SCO] TEST PASSED
----------------------------------------------------------------
UVM_INFO /home/naeemxnorabbasi/next_gen_tools_utilities/front_end/system_verilog/uvm_examples/dff_tb/testbench/sequences/transaction.sv(61) @ 710000: uvm_test_top.env.a.seqr@@vdin [SEQ] rst : 0  din : 0  dout : 0
UVM_INFO /home/naeemxnorabbasi/next_gen_tools_utilities/front_end/system_verilog/uvm_examples/dff_tb/testbench/drivers/driver.sv(26) @ 710000: uvm_test_top.env.a.d [DRV] rst : 0  din : 0  dout : 0
UVM_INFO /home/naeemxnorabbasi/next_gen_tools_utilities/front_end/system_verilog/uvm_examples/dff_tb/testbench/monitors/monitor.sv(29) @ 750000: uvm_test_top.env.a.m [MON] rst : 0  din : 0  dout : 0
UVM_INFO /home/naeemxnorabbasi/next_gen_tools_utilities/front_end/system_verilog/uvm_examples/dff_tb/testbench/scoreboards/scoreboard.sv(20) @ 750000: uvm_test_top.env.s [SCO] rst : 0  din : 0  dout : 0
UVM_INFO /home/naeemxnorabbasi/next_gen_tools_utilities/front_end/system_verilog/uvm_examples/dff_tb/testbench/scoreboards/scoreboard.sv(24) @ 750000: uvm_test_top.env.s [SCO] TEST PASSED
----------------------------------------------------------------
UVM_INFO /home/naeemxnorabbasi/next_gen_tools_utilities/front_end/system_verilog/uvm_examples/dff_tb/testbench/sequences/transaction.sv(61) @ 750000: uvm_test_top.env.a.seqr@@vdin [SEQ] rst : 0  din : 1  dout : 0
UVM_INFO /home/naeemxnorabbasi/next_gen_tools_utilities/front_end/system_verilog/uvm_examples/dff_tb/testbench/drivers/driver.sv(26) @ 750000: uvm_test_top.env.a.d [DRV] rst : 0  din : 1  dout : 0
UVM_INFO /home/naeemxnorabbasi/next_gen_tools_utilities/front_end/system_verilog/uvm_examples/dff_tb/testbench/monitors/monitor.sv(29) @ 790000: uvm_test_top.env.a.m [MON] rst : 0  din : 1  dout : 1
UVM_INFO /home/naeemxnorabbasi/next_gen_tools_utilities/front_end/system_verilog/uvm_examples/dff_tb/testbench/scoreboards/scoreboard.sv(20) @ 790000: uvm_test_top.env.s [SCO] rst : 0  din : 1  dout : 1
UVM_INFO /home/naeemxnorabbasi/next_gen_tools_utilities/front_end/system_verilog/uvm_examples/dff_tb/testbench/scoreboards/scoreboard.sv(24) @ 790000: uvm_test_top.env.s [SCO] TEST PASSED
----------------------------------------------------------------
UVM_INFO /home/naeemxnorabbasi/next_gen_tools_utilities/front_end/system_verilog/uvm_examples/dff_tb/testbench/sequences/transaction.sv(61) @ 790000: uvm_test_top.env.a.seqr@@vdin [SEQ] rst : 0  din : 0  dout : 0
UVM_INFO /home/naeemxnorabbasi/next_gen_tools_utilities/front_end/system_verilog/uvm_examples/dff_tb/testbench/drivers/driver.sv(26) @ 790000: uvm_test_top.env.a.d [DRV] rst : 0  din : 0  dout : 0
UVM_INFO /home/naeemxnorabbasi/next_gen_tools_utilities/front_end/system_verilog/uvm_examples/dff_tb/testbench/monitors/monitor.sv(29) @ 830000: uvm_test_top.env.a.m [MON] rst : 0  din : 0  dout : 0
UVM_INFO /home/naeemxnorabbasi/next_gen_tools_utilities/front_end/system_verilog/uvm_examples/dff_tb/testbench/scoreboards/scoreboard.sv(20) @ 830000: uvm_test_top.env.s [SCO] rst : 0  din : 0  dout : 0
UVM_INFO /home/naeemxnorabbasi/next_gen_tools_utilities/front_end/system_verilog/uvm_examples/dff_tb/testbench/scoreboards/scoreboard.sv(24) @ 830000: uvm_test_top.env.s [SCO] TEST PASSED
----------------------------------------------------------------
UVM_INFO /home/naeemxnorabbasi/next_gen_tools_utilities/front_end/system_verilog/uvm_examples/dff_tb/testbench/sequences/transaction.sv(61) @ 830000: uvm_test_top.env.a.seqr@@vdin [SEQ] rst : 0  din : 1  dout : 0
UVM_INFO /home/naeemxnorabbasi/next_gen_tools_utilities/front_end/system_verilog/uvm_examples/dff_tb/testbench/drivers/driver.sv(26) @ 830000: uvm_test_top.env.a.d [DRV] rst : 0  din : 1  dout : 0
UVM_INFO /home/naeemxnorabbasi/next_gen_tools_utilities/front_end/system_verilog/uvm_examples/dff_tb/testbench/monitors/monitor.sv(29) @ 870000: uvm_test_top.env.a.m [MON] rst : 0  din : 1  dout : 1
UVM_INFO /home/naeemxnorabbasi/next_gen_tools_utilities/front_end/system_verilog/uvm_examples/dff_tb/testbench/scoreboards/scoreboard.sv(20) @ 870000: uvm_test_top.env.s [SCO] rst : 0  din : 1  dout : 1
UVM_INFO /home/naeemxnorabbasi/next_gen_tools_utilities/front_end/system_verilog/uvm_examples/dff_tb/testbench/scoreboards/scoreboard.sv(24) @ 870000: uvm_test_top.env.s [SCO] TEST PASSED
----------------------------------------------------------------
UVM_INFO /home/naeemxnorabbasi/next_gen_tools_utilities/front_end/system_verilog/uvm_examples/dff_tb/testbench/sequences/transaction.sv(61) @ 870000: uvm_test_top.env.a.seqr@@vdin [SEQ] rst : 0  din : 1  dout : 0
UVM_INFO /home/naeemxnorabbasi/next_gen_tools_utilities/front_end/system_verilog/uvm_examples/dff_tb/testbench/drivers/driver.sv(26) @ 870000: uvm_test_top.env.a.d [DRV] rst : 0  din : 1  dout : 0
UVM_INFO /home/naeemxnorabbasi/next_gen_tools_utilities/front_end/system_verilog/uvm_examples/dff_tb/testbench/monitors/monitor.sv(29) @ 910000: uvm_test_top.env.a.m [MON] rst : 0  din : 1  dout : 1
UVM_INFO /home/naeemxnorabbasi/next_gen_tools_utilities/front_end/system_verilog/uvm_examples/dff_tb/testbench/scoreboards/scoreboard.sv(20) @ 910000: uvm_test_top.env.s [SCO] rst : 0  din : 1  dout : 1
UVM_INFO /home/naeemxnorabbasi/next_gen_tools_utilities/front_end/system_verilog/uvm_examples/dff_tb/testbench/scoreboards/scoreboard.sv(24) @ 910000: uvm_test_top.env.s [SCO] TEST PASSED
----------------------------------------------------------------
UVM_INFO /home/naeemxnorabbasi/next_gen_tools_utilities/front_end/system_verilog/uvm_examples/dff_tb/testbench/sequences/transaction.sv(61) @ 910000: uvm_test_top.env.a.seqr@@vdin [SEQ] rst : 0  din : 0  dout : 0
UVM_INFO /home/naeemxnorabbasi/next_gen_tools_utilities/front_end/system_verilog/uvm_examples/dff_tb/testbench/drivers/driver.sv(26) @ 910000: uvm_test_top.env.a.d [DRV] rst : 0  din : 0  dout : 0
UVM_INFO /home/naeemxnorabbasi/next_gen_tools_utilities/front_end/system_verilog/uvm_examples/dff_tb/testbench/monitors/monitor.sv(29) @ 950000: uvm_test_top.env.a.m [MON] rst : 0  din : 0  dout : 0
UVM_INFO /home/naeemxnorabbasi/next_gen_tools_utilities/front_end/system_verilog/uvm_examples/dff_tb/testbench/scoreboards/scoreboard.sv(20) @ 950000: uvm_test_top.env.s [SCO] rst : 0  din : 0  dout : 0
UVM_INFO /home/naeemxnorabbasi/next_gen_tools_utilities/front_end/system_verilog/uvm_examples/dff_tb/testbench/scoreboards/scoreboard.sv(24) @ 950000: uvm_test_top.env.s [SCO] TEST PASSED
----------------------------------------------------------------
UVM_INFO /home/naeemxnorabbasi/next_gen_tools_utilities/front_end/system_verilog/uvm_examples/dff_tb/testbench/sequences/transaction.sv(61) @ 950000: uvm_test_top.env.a.seqr@@vdin [SEQ] rst : 0  din : 1  dout : 0
UVM_INFO /home/naeemxnorabbasi/next_gen_tools_utilities/front_end/system_verilog/uvm_examples/dff_tb/testbench/drivers/driver.sv(26) @ 950000: uvm_test_top.env.a.d [DRV] rst : 0  din : 1  dout : 0
UVM_INFO /home/naeemxnorabbasi/next_gen_tools_utilities/front_end/system_verilog/uvm_examples/dff_tb/testbench/monitors/monitor.sv(29) @ 990000: uvm_test_top.env.a.m [MON] rst : 0  din : 1  dout : 1
UVM_INFO /home/naeemxnorabbasi/next_gen_tools_utilities/front_end/system_verilog/uvm_examples/dff_tb/testbench/scoreboards/scoreboard.sv(20) @ 990000: uvm_test_top.env.s [SCO] rst : 0  din : 1  dout : 1
UVM_INFO /home/naeemxnorabbasi/next_gen_tools_utilities/front_end/system_verilog/uvm_examples/dff_tb/testbench/scoreboards/scoreboard.sv(24) @ 990000: uvm_test_top.env.s [SCO] TEST PASSED
----------------------------------------------------------------
UVM_INFO /home/naeemxnorabbasi/next_gen_tools_utilities/front_end/system_verilog/uvm_examples/dff_tb/testbench/sequences/transaction.sv(61) @ 990000: uvm_test_top.env.a.seqr@@vdin [SEQ] rst : 0  din : 0  dout : 0
UVM_INFO /home/naeemxnorabbasi/next_gen_tools_utilities/front_end/system_verilog/uvm_examples/dff_tb/testbench/drivers/driver.sv(26) @ 990000: uvm_test_top.env.a.d [DRV] rst : 0  din : 0  dout : 0
UVM_INFO /home/naeemxnorabbasi/next_gen_tools_utilities/front_end/system_verilog/uvm_examples/dff_tb/testbench/monitors/monitor.sv(29) @ 1030000: uvm_test_top.env.a.m [MON] rst : 0  din : 0  dout : 0
UVM_INFO /home/naeemxnorabbasi/next_gen_tools_utilities/front_end/system_verilog/uvm_examples/dff_tb/testbench/scoreboards/scoreboard.sv(20) @ 1030000: uvm_test_top.env.s [SCO] rst : 0  din : 0  dout : 0
UVM_INFO /home/naeemxnorabbasi/next_gen_tools_utilities/front_end/system_verilog/uvm_examples/dff_tb/testbench/scoreboards/scoreboard.sv(24) @ 1030000: uvm_test_top.env.s [SCO] TEST PASSED
----------------------------------------------------------------
UVM_INFO /home/naeemxnorabbasi/next_gen_tools_utilities/front_end/system_verilog/uvm_examples/dff_tb/testbench/sequences/transaction.sv(61) @ 1030000: uvm_test_top.env.a.seqr@@vdin [SEQ] rst : 0  din : 1  dout : 0
UVM_INFO /home/naeemxnorabbasi/next_gen_tools_utilities/front_end/system_verilog/uvm_examples/dff_tb/testbench/drivers/driver.sv(26) @ 1030000: uvm_test_top.env.a.d [DRV] rst : 0  din : 1  dout : 0
UVM_INFO /home/naeemxnorabbasi/next_gen_tools_utilities/front_end/system_verilog/uvm_examples/dff_tb/testbench/monitors/monitor.sv(29) @ 1070000: uvm_test_top.env.a.m [MON] rst : 0  din : 1  dout : 1
UVM_INFO /home/naeemxnorabbasi/next_gen_tools_utilities/front_end/system_verilog/uvm_examples/dff_tb/testbench/scoreboards/scoreboard.sv(20) @ 1070000: uvm_test_top.env.s [SCO] rst : 0  din : 1  dout : 1
UVM_INFO /home/naeemxnorabbasi/next_gen_tools_utilities/front_end/system_verilog/uvm_examples/dff_tb/testbench/scoreboards/scoreboard.sv(24) @ 1070000: uvm_test_top.env.s [SCO] TEST PASSED
----------------------------------------------------------------
UVM_INFO /home/naeemxnorabbasi/next_gen_tools_utilities/front_end/system_verilog/uvm_examples/dff_tb/testbench/sequences/transaction.sv(61) @ 1070000: uvm_test_top.env.a.seqr@@vdin [SEQ] rst : 0  din : 0  dout : 0
UVM_INFO /home/naeemxnorabbasi/next_gen_tools_utilities/front_end/system_verilog/uvm_examples/dff_tb/testbench/drivers/driver.sv(26) @ 1070000: uvm_test_top.env.a.d [DRV] rst : 0  din : 0  dout : 0
UVM_INFO /home/naeemxnorabbasi/next_gen_tools_utilities/front_end/system_verilog/uvm_examples/dff_tb/testbench/monitors/monitor.sv(29) @ 1110000: uvm_test_top.env.a.m [MON] rst : 0  din : 0  dout : 0
UVM_INFO /home/naeemxnorabbasi/next_gen_tools_utilities/front_end/system_verilog/uvm_examples/dff_tb/testbench/scoreboards/scoreboard.sv(20) @ 1110000: uvm_test_top.env.s [SCO] rst : 0  din : 0  dout : 0
UVM_INFO /home/naeemxnorabbasi/next_gen_tools_utilities/front_end/system_verilog/uvm_examples/dff_tb/testbench/scoreboards/scoreboard.sv(24) @ 1110000: uvm_test_top.env.s [SCO] TEST PASSED
----------------------------------------------------------------
UVM_INFO /home/naeemxnorabbasi/next_gen_tools_utilities/front_end/system_verilog/uvm_examples/dff_tb/testbench/sequences/transaction.sv(61) @ 1110000: uvm_test_top.env.a.seqr@@vdin [SEQ] rst : 0  din : 1  dout : 0
UVM_INFO /home/naeemxnorabbasi/next_gen_tools_utilities/front_end/system_verilog/uvm_examples/dff_tb/testbench/drivers/driver.sv(26) @ 1110000: uvm_test_top.env.a.d [DRV] rst : 0  din : 1  dout : 0
UVM_INFO /home/naeemxnorabbasi/next_gen_tools_utilities/front_end/system_verilog/uvm_examples/dff_tb/testbench/monitors/monitor.sv(29) @ 1150000: uvm_test_top.env.a.m [MON] rst : 0  din : 1  dout : 1
UVM_INFO /home/naeemxnorabbasi/next_gen_tools_utilities/front_end/system_verilog/uvm_examples/dff_tb/testbench/scoreboards/scoreboard.sv(20) @ 1150000: uvm_test_top.env.s [SCO] rst : 0  din : 1  dout : 1
UVM_INFO /home/naeemxnorabbasi/next_gen_tools_utilities/front_end/system_verilog/uvm_examples/dff_tb/testbench/scoreboards/scoreboard.sv(24) @ 1150000: uvm_test_top.env.s [SCO] TEST PASSED
----------------------------------------------------------------
UVM_INFO /home/naeemxnorabbasi/next_gen_tools_utilities/front_end/system_verilog/uvm_examples/dff_tb/testbench/sequences/transaction.sv(61) @ 1150000: uvm_test_top.env.a.seqr@@vdin [SEQ] rst : 0  din : 1  dout : 0
UVM_INFO /home/naeemxnorabbasi/next_gen_tools_utilities/front_end/system_verilog/uvm_examples/dff_tb/testbench/drivers/driver.sv(26) @ 1150000: uvm_test_top.env.a.d [DRV] rst : 0  din : 1  dout : 0
UVM_INFO /home/naeemxnorabbasi/next_gen_tools_utilities/front_end/system_verilog/uvm_examples/dff_tb/testbench/monitors/monitor.sv(29) @ 1190000: uvm_test_top.env.a.m [MON] rst : 0  din : 1  dout : 1
UVM_INFO /home/naeemxnorabbasi/next_gen_tools_utilities/front_end/system_verilog/uvm_examples/dff_tb/testbench/scoreboards/scoreboard.sv(20) @ 1190000: uvm_test_top.env.s [SCO] rst : 0  din : 1  dout : 1
UVM_INFO /home/naeemxnorabbasi/next_gen_tools_utilities/front_end/system_verilog/uvm_examples/dff_tb/testbench/scoreboards/scoreboard.sv(24) @ 1190000: uvm_test_top.env.s [SCO] TEST PASSED
----------------------------------------------------------------
UVM_INFO /home/naeemxnorabbasi/next_gen_tools_utilities/front_end/system_verilog/uvm_examples/dff_tb/testbench/sequences/transaction.sv(111) @ 1190000: uvm_test_top.env.a.seqr@@rdin [SEQ] rst : 0  din : 0  dout : 0
UVM_INFO /home/naeemxnorabbasi/next_gen_tools_utilities/front_end/system_verilog/uvm_examples/dff_tb/testbench/drivers/driver.sv(26) @ 1190000: uvm_test_top.env.a.d [DRV] rst : 0  din : 0  dout : 0
UVM_INFO /home/naeemxnorabbasi/next_gen_tools_utilities/front_end/system_verilog/uvm_examples/dff_tb/testbench/monitors/monitor.sv(29) @ 1230000: uvm_test_top.env.a.m [MON] rst : 0  din : 0  dout : 0
UVM_INFO /home/naeemxnorabbasi/next_gen_tools_utilities/front_end/system_verilog/uvm_examples/dff_tb/testbench/scoreboards/scoreboard.sv(20) @ 1230000: uvm_test_top.env.s [SCO] rst : 0  din : 0  dout : 0
UVM_INFO /home/naeemxnorabbasi/next_gen_tools_utilities/front_end/system_verilog/uvm_examples/dff_tb/testbench/scoreboards/scoreboard.sv(24) @ 1230000: uvm_test_top.env.s [SCO] TEST PASSED
----------------------------------------------------------------
UVM_INFO /home/naeemxnorabbasi/next_gen_tools_utilities/front_end/system_verilog/uvm_examples/dff_tb/testbench/sequences/transaction.sv(111) @ 1230000: uvm_test_top.env.a.seqr@@rdin [SEQ] rst : 1  din : 0  dout : 0
UVM_INFO /home/naeemxnorabbasi/next_gen_tools_utilities/front_end/system_verilog/uvm_examples/dff_tb/testbench/drivers/driver.sv(26) @ 1230000: uvm_test_top.env.a.d [DRV] rst : 1  din : 0  dout : 0
UVM_INFO /home/naeemxnorabbasi/next_gen_tools_utilities/front_end/system_verilog/uvm_examples/dff_tb/testbench/monitors/monitor.sv(29) @ 1270000: uvm_test_top.env.a.m [MON] rst : 1  din : 0  dout : 0
UVM_INFO /home/naeemxnorabbasi/next_gen_tools_utilities/front_end/system_verilog/uvm_examples/dff_tb/testbench/scoreboards/scoreboard.sv(20) @ 1270000: uvm_test_top.env.s [SCO] rst : 1  din : 0  dout : 0
UVM_INFO /home/naeemxnorabbasi/next_gen_tools_utilities/front_end/system_verilog/uvm_examples/dff_tb/testbench/scoreboards/scoreboard.sv(22) @ 1270000: uvm_test_top.env.s [SCO] DFF Reset
----------------------------------------------------------------
UVM_INFO /home/naeemxnorabbasi/next_gen_tools_utilities/front_end/system_verilog/uvm_examples/dff_tb/testbench/sequences/transaction.sv(111) @ 1270000: uvm_test_top.env.a.seqr@@rdin [SEQ] rst : 1  din : 1  dout : 0
UVM_INFO /home/naeemxnorabbasi/next_gen_tools_utilities/front_end/system_verilog/uvm_examples/dff_tb/testbench/drivers/driver.sv(26) @ 1270000: uvm_test_top.env.a.d [DRV] rst : 1  din : 1  dout : 0
UVM_INFO /home/naeemxnorabbasi/next_gen_tools_utilities/front_end/system_verilog/uvm_examples/dff_tb/testbench/monitors/monitor.sv(29) @ 1310000: uvm_test_top.env.a.m [MON] rst : 1  din : 1  dout : 0
UVM_INFO /home/naeemxnorabbasi/next_gen_tools_utilities/front_end/system_verilog/uvm_examples/dff_tb/testbench/scoreboards/scoreboard.sv(20) @ 1310000: uvm_test_top.env.s [SCO] rst : 1  din : 1  dout : 0
UVM_INFO /home/naeemxnorabbasi/next_gen_tools_utilities/front_end/system_verilog/uvm_examples/dff_tb/testbench/scoreboards/scoreboard.sv(22) @ 1310000: uvm_test_top.env.s [SCO] DFF Reset
----------------------------------------------------------------
UVM_INFO /home/naeemxnorabbasi/next_gen_tools_utilities/front_end/system_verilog/uvm_examples/dff_tb/testbench/sequences/transaction.sv(111) @ 1310000: uvm_test_top.env.a.seqr@@rdin [SEQ] rst : 1  din : 1  dout : 0
UVM_INFO /home/naeemxnorabbasi/next_gen_tools_utilities/front_end/system_verilog/uvm_examples/dff_tb/testbench/drivers/driver.sv(26) @ 1310000: uvm_test_top.env.a.d [DRV] rst : 1  din : 1  dout : 0
UVM_INFO /home/naeemxnorabbasi/next_gen_tools_utilities/front_end/system_verilog/uvm_examples/dff_tb/testbench/monitors/monitor.sv(29) @ 1350000: uvm_test_top.env.a.m [MON] rst : 1  din : 1  dout : 0
UVM_INFO /home/naeemxnorabbasi/next_gen_tools_utilities/front_end/system_verilog/uvm_examples/dff_tb/testbench/scoreboards/scoreboard.sv(20) @ 1350000: uvm_test_top.env.s [SCO] rst : 1  din : 1  dout : 0
UVM_INFO /home/naeemxnorabbasi/next_gen_tools_utilities/front_end/system_verilog/uvm_examples/dff_tb/testbench/scoreboards/scoreboard.sv(22) @ 1350000: uvm_test_top.env.s [SCO] DFF Reset
----------------------------------------------------------------
UVM_INFO /home/naeemxnorabbasi/next_gen_tools_utilities/front_end/system_verilog/uvm_examples/dff_tb/testbench/sequences/transaction.sv(111) @ 1350000: uvm_test_top.env.a.seqr@@rdin [SEQ] rst : 0  din : 0  dout : 0
UVM_INFO /home/naeemxnorabbasi/next_gen_tools_utilities/front_end/system_verilog/uvm_examples/dff_tb/testbench/drivers/driver.sv(26) @ 1350000: uvm_test_top.env.a.d [DRV] rst : 0  din : 0  dout : 0
UVM_INFO /home/naeemxnorabbasi/next_gen_tools_utilities/front_end/system_verilog/uvm_examples/dff_tb/testbench/monitors/monitor.sv(29) @ 1390000: uvm_test_top.env.a.m [MON] rst : 0  din : 0  dout : 0
UVM_INFO /home/naeemxnorabbasi/next_gen_tools_utilities/front_end/system_verilog/uvm_examples/dff_tb/testbench/scoreboards/scoreboard.sv(20) @ 1390000: uvm_test_top.env.s [SCO] rst : 0  din : 0  dout : 0
UVM_INFO /home/naeemxnorabbasi/next_gen_tools_utilities/front_end/system_verilog/uvm_examples/dff_tb/testbench/scoreboards/scoreboard.sv(24) @ 1390000: uvm_test_top.env.s [SCO] TEST PASSED
----------------------------------------------------------------
UVM_INFO /home/naeemxnorabbasi/next_gen_tools_utilities/front_end/system_verilog/uvm_examples/dff_tb/testbench/sequences/transaction.sv(111) @ 1390000: uvm_test_top.env.a.seqr@@rdin [SEQ] rst : 1  din : 0  dout : 0
UVM_INFO /home/naeemxnorabbasi/next_gen_tools_utilities/front_end/system_verilog/uvm_examples/dff_tb/testbench/drivers/driver.sv(26) @ 1390000: uvm_test_top.env.a.d [DRV] rst : 1  din : 0  dout : 0
UVM_INFO /home/naeemxnorabbasi/next_gen_tools_utilities/front_end/system_verilog/uvm_examples/dff_tb/testbench/monitors/monitor.sv(29) @ 1430000: uvm_test_top.env.a.m [MON] rst : 1  din : 0  dout : 0
UVM_INFO /home/naeemxnorabbasi/next_gen_tools_utilities/front_end/system_verilog/uvm_examples/dff_tb/testbench/scoreboards/scoreboard.sv(20) @ 1430000: uvm_test_top.env.s [SCO] rst : 1  din : 0  dout : 0
UVM_INFO /home/naeemxnorabbasi/next_gen_tools_utilities/front_end/system_verilog/uvm_examples/dff_tb/testbench/scoreboards/scoreboard.sv(22) @ 1430000: uvm_test_top.env.s [SCO] DFF Reset
----------------------------------------------------------------
UVM_INFO /home/naeemxnorabbasi/next_gen_tools_utilities/front_end/system_verilog/uvm_examples/dff_tb/testbench/sequences/transaction.sv(111) @ 1430000: uvm_test_top.env.a.seqr@@rdin [SEQ] rst : 0  din : 0  dout : 0
UVM_INFO /home/naeemxnorabbasi/next_gen_tools_utilities/front_end/system_verilog/uvm_examples/dff_tb/testbench/drivers/driver.sv(26) @ 1430000: uvm_test_top.env.a.d [DRV] rst : 0  din : 0  dout : 0
UVM_INFO /home/naeemxnorabbasi/next_gen_tools_utilities/front_end/system_verilog/uvm_examples/dff_tb/testbench/monitors/monitor.sv(29) @ 1470000: uvm_test_top.env.a.m [MON] rst : 0  din : 0  dout : 0
UVM_INFO /home/naeemxnorabbasi/next_gen_tools_utilities/front_end/system_verilog/uvm_examples/dff_tb/testbench/scoreboards/scoreboard.sv(20) @ 1470000: uvm_test_top.env.s [SCO] rst : 0  din : 0  dout : 0
UVM_INFO /home/naeemxnorabbasi/next_gen_tools_utilities/front_end/system_verilog/uvm_examples/dff_tb/testbench/scoreboards/scoreboard.sv(24) @ 1470000: uvm_test_top.env.s [SCO] TEST PASSED
----------------------------------------------------------------
UVM_INFO /home/naeemxnorabbasi/next_gen_tools_utilities/front_end/system_verilog/uvm_examples/dff_tb/testbench/sequences/transaction.sv(111) @ 1470000: uvm_test_top.env.a.seqr@@rdin [SEQ] rst : 0  din : 1  dout : 0
UVM_INFO /home/naeemxnorabbasi/next_gen_tools_utilities/front_end/system_verilog/uvm_examples/dff_tb/testbench/drivers/driver.sv(26) @ 1470000: uvm_test_top.env.a.d [DRV] rst : 0  din : 1  dout : 0
UVM_INFO /home/naeemxnorabbasi/next_gen_tools_utilities/front_end/system_verilog/uvm_examples/dff_tb/testbench/monitors/monitor.sv(29) @ 1510000: uvm_test_top.env.a.m [MON] rst : 0  din : 1  dout : 1
UVM_INFO /home/naeemxnorabbasi/next_gen_tools_utilities/front_end/system_verilog/uvm_examples/dff_tb/testbench/scoreboards/scoreboard.sv(20) @ 1510000: uvm_test_top.env.s [SCO] rst : 0  din : 1  dout : 1
UVM_INFO /home/naeemxnorabbasi/next_gen_tools_utilities/front_end/system_verilog/uvm_examples/dff_tb/testbench/scoreboards/scoreboard.sv(24) @ 1510000: uvm_test_top.env.s [SCO] TEST PASSED
----------------------------------------------------------------
UVM_INFO /home/naeemxnorabbasi/next_gen_tools_utilities/front_end/system_verilog/uvm_examples/dff_tb/testbench/sequences/transaction.sv(111) @ 1510000: uvm_test_top.env.a.seqr@@rdin [SEQ] rst : 1  din : 1  dout : 0
UVM_INFO /home/naeemxnorabbasi/next_gen_tools_utilities/front_end/system_verilog/uvm_examples/dff_tb/testbench/drivers/driver.sv(26) @ 1510000: uvm_test_top.env.a.d [DRV] rst : 1  din : 1  dout : 0
UVM_INFO /home/naeemxnorabbasi/next_gen_tools_utilities/front_end/system_verilog/uvm_examples/dff_tb/testbench/monitors/monitor.sv(29) @ 1550000: uvm_test_top.env.a.m [MON] rst : 1  din : 1  dout : 0
UVM_INFO /home/naeemxnorabbasi/next_gen_tools_utilities/front_end/system_verilog/uvm_examples/dff_tb/testbench/scoreboards/scoreboard.sv(20) @ 1550000: uvm_test_top.env.s [SCO] rst : 1  din : 1  dout : 0
UVM_INFO /home/naeemxnorabbasi/next_gen_tools_utilities/front_end/system_verilog/uvm_examples/dff_tb/testbench/scoreboards/scoreboard.sv(22) @ 1550000: uvm_test_top.env.s [SCO] DFF Reset
----------------------------------------------------------------
UVM_INFO /home/naeemxnorabbasi/next_gen_tools_utilities/front_end/system_verilog/uvm_examples/dff_tb/testbench/sequences/transaction.sv(111) @ 1550000: uvm_test_top.env.a.seqr@@rdin [SEQ] rst : 0  din : 1  dout : 0
UVM_INFO /home/naeemxnorabbasi/next_gen_tools_utilities/front_end/system_verilog/uvm_examples/dff_tb/testbench/drivers/driver.sv(26) @ 1550000: uvm_test_top.env.a.d [DRV] rst : 0  din : 1  dout : 0
UVM_INFO /home/naeemxnorabbasi/next_gen_tools_utilities/front_end/system_verilog/uvm_examples/dff_tb/testbench/monitors/monitor.sv(29) @ 1590000: uvm_test_top.env.a.m [MON] rst : 0  din : 1  dout : 1
UVM_INFO /home/naeemxnorabbasi/next_gen_tools_utilities/front_end/system_verilog/uvm_examples/dff_tb/testbench/scoreboards/scoreboard.sv(20) @ 1590000: uvm_test_top.env.s [SCO] rst : 0  din : 1  dout : 1
UVM_INFO /home/naeemxnorabbasi/next_gen_tools_utilities/front_end/system_verilog/uvm_examples/dff_tb/testbench/scoreboards/scoreboard.sv(24) @ 1590000: uvm_test_top.env.s [SCO] TEST PASSED
----------------------------------------------------------------
UVM_INFO /home/naeemxnorabbasi/next_gen_tools_utilities/front_end/system_verilog/uvm_examples/dff_tb/testbench/sequences/transaction.sv(111) @ 1590000: uvm_test_top.env.a.seqr@@rdin [SEQ] rst : 0  din : 0  dout : 0
UVM_INFO /home/naeemxnorabbasi/next_gen_tools_utilities/front_end/system_verilog/uvm_examples/dff_tb/testbench/drivers/driver.sv(26) @ 1590000: uvm_test_top.env.a.d [DRV] rst : 0  din : 0  dout : 0
UVM_INFO /home/naeemxnorabbasi/next_gen_tools_utilities/front_end/system_verilog/uvm_examples/dff_tb/testbench/monitors/monitor.sv(29) @ 1630000: uvm_test_top.env.a.m [MON] rst : 0  din : 0  dout : 0
UVM_INFO /home/naeemxnorabbasi/next_gen_tools_utilities/front_end/system_verilog/uvm_examples/dff_tb/testbench/scoreboards/scoreboard.sv(20) @ 1630000: uvm_test_top.env.s [SCO] rst : 0  din : 0  dout : 0
UVM_INFO /home/naeemxnorabbasi/next_gen_tools_utilities/front_end/system_verilog/uvm_examples/dff_tb/testbench/scoreboards/scoreboard.sv(24) @ 1630000: uvm_test_top.env.s [SCO] TEST PASSED
----------------------------------------------------------------
UVM_INFO /home/naeemxnorabbasi/next_gen_tools_utilities/front_end/system_verilog/uvm_examples/dff_tb/testbench/sequences/transaction.sv(111) @ 1630000: uvm_test_top.env.a.seqr@@rdin [SEQ] rst : 0  din : 1  dout : 0
UVM_INFO /home/naeemxnorabbasi/next_gen_tools_utilities/front_end/system_verilog/uvm_examples/dff_tb/testbench/drivers/driver.sv(26) @ 1630000: uvm_test_top.env.a.d [DRV] rst : 0  din : 1  dout : 0
UVM_INFO /home/naeemxnorabbasi/next_gen_tools_utilities/front_end/system_verilog/uvm_examples/dff_tb/testbench/monitors/monitor.sv(29) @ 1670000: uvm_test_top.env.a.m [MON] rst : 0  din : 1  dout : 1
UVM_INFO /home/naeemxnorabbasi/next_gen_tools_utilities/front_end/system_verilog/uvm_examples/dff_tb/testbench/scoreboards/scoreboard.sv(20) @ 1670000: uvm_test_top.env.s [SCO] rst : 0  din : 1  dout : 1
UVM_INFO /home/naeemxnorabbasi/next_gen_tools_utilities/front_end/system_verilog/uvm_examples/dff_tb/testbench/scoreboards/scoreboard.sv(24) @ 1670000: uvm_test_top.env.s [SCO] TEST PASSED
----------------------------------------------------------------
UVM_INFO /home/naeemxnorabbasi/next_gen_tools_utilities/front_end/system_verilog/uvm_examples/dff_tb/testbench/sequences/transaction.sv(111) @ 1670000: uvm_test_top.env.a.seqr@@rdin [SEQ] rst : 0  din : 0  dout : 0
UVM_INFO /home/naeemxnorabbasi/next_gen_tools_utilities/front_end/system_verilog/uvm_examples/dff_tb/testbench/drivers/driver.sv(26) @ 1670000: uvm_test_top.env.a.d [DRV] rst : 0  din : 0  dout : 0
UVM_INFO /home/naeemxnorabbasi/next_gen_tools_utilities/front_end/system_verilog/uvm_examples/dff_tb/testbench/monitors/monitor.sv(29) @ 1710000: uvm_test_top.env.a.m [MON] rst : 0  din : 0  dout : 0
UVM_INFO /home/naeemxnorabbasi/next_gen_tools_utilities/front_end/system_verilog/uvm_examples/dff_tb/testbench/scoreboards/scoreboard.sv(20) @ 1710000: uvm_test_top.env.s [SCO] rst : 0  din : 0  dout : 0
UVM_INFO /home/naeemxnorabbasi/next_gen_tools_utilities/front_end/system_verilog/uvm_examples/dff_tb/testbench/scoreboards/scoreboard.sv(24) @ 1710000: uvm_test_top.env.s [SCO] TEST PASSED
----------------------------------------------------------------
UVM_INFO /home/naeemxnorabbasi/next_gen_tools_utilities/front_end/system_verilog/uvm_examples/dff_tb/testbench/sequences/transaction.sv(111) @ 1710000: uvm_test_top.env.a.seqr@@rdin [SEQ] rst : 0  din : 0  dout : 0
UVM_INFO /home/naeemxnorabbasi/next_gen_tools_utilities/front_end/system_verilog/uvm_examples/dff_tb/testbench/drivers/driver.sv(26) @ 1710000: uvm_test_top.env.a.d [DRV] rst : 0  din : 0  dout : 0
UVM_INFO /home/naeemxnorabbasi/next_gen_tools_utilities/front_end/system_verilog/uvm_examples/dff_tb/testbench/monitors/monitor.sv(29) @ 1750000: uvm_test_top.env.a.m [MON] rst : 0  din : 0  dout : 0
UVM_INFO /home/naeemxnorabbasi/next_gen_tools_utilities/front_end/system_verilog/uvm_examples/dff_tb/testbench/scoreboards/scoreboard.sv(20) @ 1750000: uvm_test_top.env.s [SCO] rst : 0  din : 0  dout : 0
UVM_INFO /home/naeemxnorabbasi/next_gen_tools_utilities/front_end/system_verilog/uvm_examples/dff_tb/testbench/scoreboards/scoreboard.sv(24) @ 1750000: uvm_test_top.env.s [SCO] TEST PASSED
----------------------------------------------------------------
UVM_INFO /home/naeemxnorabbasi/next_gen_tools_utilities/front_end/system_verilog/uvm_examples/dff_tb/testbench/sequences/transaction.sv(111) @ 1750000: uvm_test_top.env.a.seqr@@rdin [SEQ] rst : 0  din : 0  dout : 0
UVM_INFO /home/naeemxnorabbasi/next_gen_tools_utilities/front_end/system_verilog/uvm_examples/dff_tb/testbench/drivers/driver.sv(26) @ 1750000: uvm_test_top.env.a.d [DRV] rst : 0  din : 0  dout : 0
UVM_INFO /home/naeemxnorabbasi/next_gen_tools_utilities/front_end/system_verilog/uvm_examples/dff_tb/testbench/monitors/monitor.sv(29) @ 1790000: uvm_test_top.env.a.m [MON] rst : 0  din : 0  dout : 0
UVM_INFO /home/naeemxnorabbasi/next_gen_tools_utilities/front_end/system_verilog/uvm_examples/dff_tb/testbench/scoreboards/scoreboard.sv(20) @ 1790000: uvm_test_top.env.s [SCO] rst : 0  din : 0  dout : 0
UVM_INFO /home/naeemxnorabbasi/next_gen_tools_utilities/front_end/system_verilog/uvm_examples/dff_tb/testbench/scoreboards/scoreboard.sv(24) @ 1790000: uvm_test_top.env.s [SCO] TEST PASSED
----------------------------------------------------------------
UVM_INFO /tools/2025.2/Vivado/data/system_verilog/uvm_1.2/xlnx_uvm_package.sv(19968) @ 1790000: reporter [TEST_DONE] 'run' phase is ready to proceed to the 'extract' phase
UVM_INFO /tools/2025.2/Vivado/data/system_verilog/uvm_1.2/xlnx_uvm_package.sv(13673) @ 1790000: reporter [UVM/REPORT/SERVER] 
--- UVM Report Summary ---

** Report counts by severity
UVM_INFO :  230
UVM_WARNING :    0
UVM_ERROR :    0
UVM_FATAL :    0
** Report counts by id
[DRV]    45
[MON]    45
[NO_DPI_TSTNAME]     1
[RNTST]     1
[SCO]    90
[SEQ]    45
[TEST_DONE]     1
[UVM/COMP/NAMECHECK]     1
[UVM/RELNOTES]     1

$finish called at time : 1790 ns : File "/tools/2025.2/Vivado/data/system_verilog/uvm_1.2/xlnx_uvm_package.sv" Line 18699
exit
INFO: xsimkernel Simulation Memory Usage: 316588 KB (Peak: 360544 KB), Simulation CPU Usage: 670 ms
INFO: [Common 17-206] Exiting xsim at Thu Aug 20 03:29:52 2026...
