#-----------------------------------------------------------
# xsim v2025.2 (64-bit)
# SW Build 6299465 on Fri Nov 14 12:34:56 MST 2025
# IP Build 6300035 on Fri Nov 14 10:48:45 MST 2025
# SharedData Build 6298862 on Thu Nov 13 04:50:51 MST 2025
# Start of session at: Thu Aug 20 03:30:30 2026
# Process ID         : 63739
# Current directory  : /home/naeemxnorabbasi/next_gen_tools_utilities/front_end/system_verilog/uvm_examples/pipe_tb/scripts
# Command line       : xsim -mode tcl -source {xsim.dir/top/xsim_script.tcl}
# Log file           : /home/naeemxnorabbasi/next_gen_tools_utilities/front_end/system_verilog/uvm_examples/pipe_tb/scripts/xsim.log
# Journal file       : /home/naeemxnorabbasi/next_gen_tools_utilities/front_end/system_verilog/uvm_examples/pipe_tb/scripts/xsim.jou
# Running On         : pop-os
# Platform           : Pop
# Operating System   : Pop!_OS 22.04 LTS
# Processor Detail   : AMD Ryzen 7 7800X3D 8-Core Processor
# CPU Frequency      : 4843.535 MHz
# CPU Physical cores : 8
# CPU Logical cores  : 8
# Host memory        : 32714 MB
# Swap memory        : 17179 MB
# Total Virtual      : 49894 MB
# Available Virtual  : 38316 MB
#-----------------------------------------------------------
source xsim.dir/top/xsim_script.tcl
# xsim {top} -testplusarg UVM_TESTNAME=test -testplusarg UVM_VERBOSITY=UVM_LOW -autoloadwcfg -runall
Time resolution is 1 ps
run -all
UVM_INFO /tools/2025.2/Vivado/data/system_verilog/uvm_1.2/xlnx_uvm_package.sv(18601) @ 0: reporter [UVM/RELNOTES] 
----------------------------------------------------------------
UVM-1.2
(C) 2007-2014 Mentor Graphics Corporation
(C) 2007-2014 Cadence Design Systems, Inc.
(C) 2006-2014 Synopsys, Inc.
(C) 2011-2013 Cypress Semiconductor Corp.
(C) 2013-2014 NVIDIA Corporation
----------------------------------------------------------------

  ***********       IMPORTANT RELEASE NOTES         ************

  You are using a version of the UVM library that has been compiled
  with `UVM_NO_DEPRECATED undefined.

  You are using a version of the UVM library that has been compiled
  with `UVM_OBJECT_DO_NOT_NEED_CONSTRUCTOR undefined.

      (Specify +UVM_NO_RELNOTES to turn off this notice)

UVM_INFO /tools/2025.2/Vivado/data/system_verilog/uvm_1.2/xlnx_uvm_package.sv(18648) @ 0: reporter [NO_DPI_TSTNAME] UVM_NO_DPI defined--getting UVM_TESTNAME directly, without DPI
UVM_INFO @ 0: reporter [RNTST] Running test test...
UVM_INFO /home/naeemxnorabbasi/next_gen_tools_utilities/front_end/system_verilog/uvm_examples/pipe_tb/testbench/env/pipe_env.sv(16) @ 0: uvm_test_top.env [uvm_test_top.env] Build stage complete.
UVM_INFO /home/naeemxnorabbasi/next_gen_tools_utilities/front_end/system_verilog/uvm_examples/pipe_tb/testbench/drivers/pipe_driver.sv(18) @ 0: uvm_test_top.env.agent.driver [uvm_test_top.env.agent.driver] Build phase complete.
UVM_INFO /home/naeemxnorabbasi/next_gen_tools_utilities/front_end/system_verilog/uvm_examples/pipe_tb/testbench/monitors/pipe_monitor.sv(23) @ 0: uvm_test_top.env.agent.monitor [pipe_monitor] INTERFACE USED = vif
UVM_INFO /home/naeemxnorabbasi/next_gen_tools_utilities/front_end/system_verilog/uvm_examples/pipe_tb/testbench/monitors/pipe_monitor.sv(31) @ 0: uvm_test_top.env.agent.monitor [uvm_test_top.env.agent.monitor] Build stage complete.
UVM_INFO /home/naeemxnorabbasi/next_gen_tools_utilities/front_end/system_verilog/uvm_examples/pipe_tb/testbench/agents/pipe_agent.sv(32) @ 0: uvm_test_top.env.agent [uvm_test_top.env.agent] Connect stage complete.
UVM_INFO /home/naeemxnorabbasi/next_gen_tools_utilities/front_end/system_verilog/uvm_examples/pipe_tb/testbench/tests/pipe_test.sv(23) @ 0: uvm_test_top [test] printing the test topolgy:
----------------------------------------------------------------------
Name                         Type                     Size  Value     
----------------------------------------------------------------------
uvm_test_top                 test                     -     @346      
  env                        pipe_env                 -     @359      
    agent                    pipe_agent               -     @368      
      driver                 pipe_driver              -     @518      
        rsp_port             uvm_analysis_port        -     @537      
        seq_item_port        uvm_seq_item_pull_port   -     @527      
      monitor                pipe_monitor             -     @547      
        item_collected_port  uvm_analysis_port        -     @563      
      sequencer              pipe_sequencer           -     @381      
        rsp_export           uvm_analysis_export      -     @390      
        seq_item_export      uvm_seq_item_pull_imp    -     @508      
        arbitration_queue    array                    0     -         
        lock_queue           array                    0     -         
        num_last_reqs        integral                 32    'd1       
        num_last_rsps        integral                 32    'd1       
      is_active              uvm_active_passive_enum  1     UVM_ACTIVE
----------------------------------------------------------------------

UVM_INFO /tools/2025.2/Vivado/data/system_verilog/uvm_1.2/xlnx_uvm_package.sv(20867) @ 0: reporter [UVM/COMP/NAMECHECK] This implementation of the component name checks requires DPI to be enabled
UVM_INFO /tools/2025.2/Vivado/data/system_verilog/uvm_1.2/xlnx_uvm_package.sv(18752) @ 0: reporter [UVMTOP] UVM testbench topology:
----------------------------------------------------------------------
Name                         Type                     Size  Value     
----------------------------------------------------------------------
uvm_test_top                 test                     -     @346      
  env                        pipe_env                 -     @359      
    agent                    pipe_agent               -     @368      
      driver                 pipe_driver              -     @518      
        rsp_port             uvm_analysis_port        -     @537      
        seq_item_port        uvm_seq_item_pull_port   -     @527      
      monitor                pipe_monitor             -     @547      
        item_collected_port  uvm_analysis_port        -     @563      
      sequencer              pipe_sequencer           -     @381      
        rsp_export           uvm_analysis_export      -     @390      
        seq_item_export      uvm_seq_item_pull_imp    -     @508      
        arbitration_queue    array                    0     -         
        lock_queue           array                    0     -         
        num_last_reqs        integral                 32    'd1       
        num_last_rsps        integral                 32    'd1       
      is_active              uvm_active_passive_enum  1     UVM_ACTIVE
----------------------------------------------------------------------

UVM_INFO /tools/2025.2/Vivado/data/system_verilog/uvm_1.2/xlnx_uvm_package.sv(19968) @ 150000000: reporter [TEST_DONE] 'run' phase is ready to proceed to the 'extract' phase
UVM_INFO /home/naeemxnorabbasi/next_gen_tools_utilities/front_end/system_verilog/uvm_examples/pipe_tb/testbench/monitors/pipe_monitor.sv(55) @ 150000000: uvm_test_top.env.agent.monitor [pipe_monitor] REPORT: COLLECTED PACKETS: 0
UVM_INFO /tools/2025.2/Vivado/data/system_verilog/uvm_1.2/xlnx_uvm_package.sv(13673) @ 150000000: reporter [UVM/REPORT/SERVER] 
--- UVM Report Summary ---

** Report counts by severity
UVM_INFO :   13
UVM_WARNING :    0
UVM_ERROR :    0
UVM_FATAL :    0
** Report counts by id
[NO_DPI_TSTNAME]     1
[RNTST]     1
[TEST_DONE]     1
[UVM/COMP/NAMECHECK]     1
[UVM/RELNOTES]     1
[UVMTOP]     1
[pipe_monitor]     2
[test]     1
[uvm_test_top.env]     1
[uvm_test_top.env.agent]     1
[uvm_test_top.env.agent.driver]     1
[uvm_test_top.env.agent.monitor]     1

WARNING: The Functional Coverage Database has not been updated during simulation. Please recheck testbench to confirm that covergroups are being instantiated correctly and rerun simulation.
$finish called at time : 150 us : File "/tools/2025.2/Vivado/data/system_verilog/uvm_1.2/xlnx_uvm_package.sv" Line 18699
exit
INFO: xsimkernel Simulation Memory Usage: 317332 KB (Peak: 361276 KB), Simulation CPU Usage: 720 ms
INFO: [Common 17-206] Exiting xsim at Thu Aug 20 03:30:32 2026...
