INFO: [VRFC 10-2263] Analyzing SystemVerilog file "/home/naeemxnorabbasi/next_gen_tools_utilities/front_end/system_verilog/uvm_examples/virtual_sequencer_tb/src/virtual_sequencer_if.sv" into library work
INFO: [VRFC 10-2263] Analyzing SystemVerilog file "/home/naeemxnorabbasi/next_gen_tools_utilities/front_end/system_verilog/uvm_examples/virtual_sequencer_tb/src/virtual_sequencer.sv" into library work
INFO: [VRFC 10-311] analyzing module adder
INFO: [VRFC 10-311] analyzing module mul
INFO: [VRFC 10-311] analyzing module top
INFO: [VRFC 10-2263] Analyzing SystemVerilog file "/home/naeemxnorabbasi/next_gen_tools_utilities/front_end/system_verilog/uvm_examples/virtual_sequencer_tb/testbench/sequences/add_transaction.sv" into library work
INFO: [VRFC 10-2263] Analyzing SystemVerilog file "/home/naeemxnorabbasi/next_gen_tools_utilities/front_end/system_verilog/uvm_examples/virtual_sequencer_tb/testbench/sequences/mul_transaction.sv" into library work
INFO: [VRFC 10-2263] Analyzing SystemVerilog file "/home/naeemxnorabbasi/next_gen_tools_utilities/front_end/system_verilog/uvm_examples/virtual_sequencer_tb/testbench/drivers/add_driver.sv" into library work
INFO: [VRFC 10-2263] Analyzing SystemVerilog file "/home/naeemxnorabbasi/next_gen_tools_utilities/front_end/system_verilog/uvm_examples/virtual_sequencer_tb/testbench/drivers/mul_driver.sv" into library work
INFO: [VRFC 10-2263] Analyzing SystemVerilog file "/home/naeemxnorabbasi/next_gen_tools_utilities/front_end/system_verilog/uvm_examples/virtual_sequencer_tb/testbench/monitors/add_monitor.sv" into library work
INFO: [VRFC 10-2263] Analyzing SystemVerilog file "/home/naeemxnorabbasi/next_gen_tools_utilities/front_end/system_verilog/uvm_examples/virtual_sequencer_tb/testbench/monitors/mul_monitor.sv" into library work
INFO: [VRFC 10-2263] Analyzing SystemVerilog file "/home/naeemxnorabbasi/next_gen_tools_utilities/front_end/system_verilog/uvm_examples/virtual_sequencer_tb/testbench/agents/add_agent.sv" into library work
INFO: [VRFC 10-2263] Analyzing SystemVerilog file "/home/naeemxnorabbasi/next_gen_tools_utilities/front_end/system_verilog/uvm_examples/virtual_sequencer_tb/testbench/agents/mul_agent.sv" into library work
INFO: [VRFC 10-2263] Analyzing SystemVerilog file "/home/naeemxnorabbasi/next_gen_tools_utilities/front_end/system_verilog/uvm_examples/virtual_sequencer_tb/testbench/sequences/generator.sv" into library work
INFO: [VRFC 10-2263] Analyzing SystemVerilog file "/home/naeemxnorabbasi/next_gen_tools_utilities/front_end/system_verilog/uvm_examples/virtual_sequencer_tb/testbench/sequences/add_generator.sv" into library work
INFO: [VRFC 10-2263] Analyzing SystemVerilog file "/home/naeemxnorabbasi/next_gen_tools_utilities/front_end/system_verilog/uvm_examples/virtual_sequencer_tb/testbench/sequences/mul_generator.sv" into library work
INFO: [VRFC 10-2263] Analyzing SystemVerilog file "/home/naeemxnorabbasi/next_gen_tools_utilities/front_end/system_verilog/uvm_examples/virtual_sequencer_tb/testbench/scoreboards/scoreboard.sv" into library work
INFO: [VRFC 10-2263] Analyzing SystemVerilog file "/home/naeemxnorabbasi/next_gen_tools_utilities/front_end/system_verilog/uvm_examples/virtual_sequencer_tb/testbench/env/env.sv" into library work
INFO: [VRFC 10-2263] Analyzing SystemVerilog file "/home/naeemxnorabbasi/next_gen_tools_utilities/front_end/system_verilog/uvm_examples/virtual_sequencer_tb/testbench/tests/test.sv" into library work
INFO: [VRFC 10-2263] Analyzing SystemVerilog file "/home/naeemxnorabbasi/next_gen_tools_utilities/front_end/system_verilog/uvm_examples/virtual_sequencer_tb/src/virtual_sequencer_tb.sv" into library work
INFO: [VRFC 10-311] analyzing module virtual_sequencer_tb
